2026-08-07 10:00:58,724 INFO o.a.j.u.JMeterUtils: Setting Locale to en_EN
2026-08-07 10:01:00,381 INFO o.a.j.JMeter: Loading user properties from: D:\apache-jmeter-5.6.3\bin\user.properties
2026-08-07 10:01:00,381 INFO o.a.j.JMeter: Loading system properties from: D:\apache-jmeter-5.6.3\bin\system.properties
2026-08-07 10:01:00,387 INFO o.a.j.JMeter: Copyright (c) 1998-2024 The Apache Software Foundation
2026-08-07 10:01:00,387 INFO o.a.j.JMeter: Version 5.6.3
2026-08-07 10:01:00,387 INFO o.a.j.JMeter: java.version=17.0.16
2026-08-07 10:01:00,387 INFO o.a.j.JMeter: java.vm.name=OpenJDK 64-Bit Server VM
2026-08-07 10:01:00,387 INFO o.a.j.JMeter: os.name=Windows 11
2026-08-07 10:01:00,387 INFO o.a.j.JMeter: os.arch=amd64
2026-08-07 10:01:00,402 INFO o.a.j.JMeter: os.version=10.0
2026-08-07 10:01:00,402 INFO o.a.j.JMeter: file.encoding=Cp1252
2026-08-07 10:01:00,402 INFO o.a.j.JMeter: java.awt.headless=true
2026-08-07 10:01:00,402 INFO o.a.j.JMeter: Max memory     =1073741824
2026-08-07 10:01:00,402 INFO o.a.j.JMeter: Available Processors =20
2026-08-07 10:01:00,409 INFO o.a.j.JMeter: Default Locale=English (EN)
2026-08-07 10:01:00,410 INFO o.a.j.JMeter: JMeter  Locale=English (EN)
2026-08-07 10:01:00,410 INFO o.a.j.JMeter: JMeterHome=D:\apache-jmeter-5.6.3
2026-08-07 10:01:00,410 INFO o.a.j.JMeter: user.dir  =E:\Testing\CS423-CSC15003-Testing-N08
2026-08-07 10:01:00,410 INFO o.a.j.JMeter: PWD       =E:\Testing\CS423-CSC15003-Testing-N08
2026-08-07 10:01:00,447 INFO o.a.j.JMeter: IP: 10.124.4.126 Name: TMQ FullName: 10.124.4.126
2026-08-07 10:01:00,460 INFO o.a.j.s.FileServer: Default base='E:\Testing\CS423-CSC15003-Testing-N08'
2026-08-07 10:01:00,463 INFO o.a.j.s.FileServer: Set new base='E:\Testing\CS423-CSC15003-Testing-N08\jmeter\test-plans'
2026-08-07 10:01:00,630 INFO o.a.j.s.SaveService: Testplan (JMX) version: 2.2. Testlog (JTL) version: 2.2
2026-08-07 10:01:00,656 INFO o.a.j.s.SaveService: Using SaveService properties version 5.0
2026-08-07 10:01:00,658 INFO o.a.j.s.SaveService: Using SaveService properties file encoding UTF-8
2026-08-07 10:01:00,661 INFO o.a.j.s.SaveService: Loading file: E:\Testing\CS423-CSC15003-Testing-N08\jmeter\test-plans\23127464_Load_20260807.jmx
2026-08-07 10:01:00,715 INFO o.a.j.p.h.s.HTTPSamplerBase: Parser for text/html is org.apache.jmeter.protocol.http.parser.LagartoBasedHtmlParser
2026-08-07 10:01:00,715 INFO o.a.j.p.h.s.HTTPSamplerBase: Parser for application/xhtml+xml is org.apache.jmeter.protocol.http.parser.LagartoBasedHtmlParser
2026-08-07 10:01:00,715 INFO o.a.j.p.h.s.HTTPSamplerBase: Parser for application/xml is org.apache.jmeter.protocol.http.parser.LagartoBasedHtmlParser
2026-08-07 10:01:00,715 INFO o.a.j.p.h.s.HTTPSamplerBase: Parser for text/xml is org.apache.jmeter.protocol.http.parser.LagartoBasedHtmlParser
2026-08-07 10:01:00,715 INFO o.a.j.p.h.s.HTTPSamplerBase: Parser for text/vnd.wap.wml is org.apache.jmeter.protocol.http.parser.RegexpHTMLParser
2026-08-07 10:01:00,715 INFO o.a.j.p.h.s.HTTPSamplerBase: Parser for text/css is org.apache.jmeter.protocol.http.parser.CssParser
2026-08-07 10:01:00,753 INFO o.a.j.JMeter: Creating summariser <summary>
2026-08-07 10:01:00,762 INFO o.a.j.e.StandardJMeterEngine: Running the test!
2026-08-07 10:01:00,762 INFO o.a.j.s.SampleEvent: List of sample_variables: []
2026-08-07 10:01:00,762 INFO o.a.j.s.SampleEvent: List of sample_variables: []
2026-08-07 10:01:00,766 INFO o.a.j.e.u.CompoundVariable: Note: Function class names must contain the string: '.functions.'
2026-08-07 10:01:00,766 INFO o.a.j.e.u.CompoundVariable: Note: Function class names must not contain the string: '.gui.'
2026-08-07 10:01:00,828 INFO o.a.j.JMeter: Running test (1786071660828)
2026-08-07 10:01:00,840 INFO o.a.j.e.StandardJMeterEngine: Starting ThreadGroup: 1 : FR-08 Checkout Load Test
2026-08-07 10:01:00,840 INFO o.a.j.e.StandardJMeterEngine: Starting 1 threads for group FR-08 Checkout Load Test.
2026-08-07 10:01:00,840 INFO o.a.j.e.StandardJMeterEngine: Thread will continue on error
2026-08-07 10:01:00,840 INFO o.a.j.t.ThreadGroup: Starting thread group... number=1 threads=1 ramp-up=1 delayedStart=false
2026-08-07 10:01:00,844 INFO o.a.j.t.ThreadGroup: Started thread group number 1
2026-08-07 10:01:00,844 INFO o.a.j.e.StandardJMeterEngine: All thread groups have been started
2026-08-07 10:01:00,846 INFO o.a.j.t.JMeterThread: Thread started: FR-08 Checkout Load Test 1-1
2026-08-07 10:01:00,857 INFO o.a.j.p.h.s.HTTPHCAbstractImpl: Local host = TMQ
2026-08-07 10:01:00,861 INFO o.a.j.p.h.s.HTTPHC4Impl: HTTP request retry count = 0
2026-08-07 10:01:00,862 INFO o.a.j.s.SampleResult: Note: Sample TimeStamps are START times
2026-08-07 10:01:00,863 INFO o.a.j.s.SampleResult: sampleresult.default.encoding is set to UTF-8
2026-08-07 10:01:00,863 INFO o.a.j.s.SampleResult: sampleresult.useNanoTime=true
2026-08-07 10:01:00,863 INFO o.a.j.s.SampleResult: sampleresult.nanoThreadSleep=5000
2026-08-07 10:01:00,962 INFO o.a.j.r.Summariser: summary +      1 in 00:00:00 =    7.5/s Avg:    27 Min:    27 Max:    27 Err:     0 (0.00%) Active: 1 Started: 1 Finished: 0
2026-08-07 10:01:08,167 INFO o.a.j.t.JMeterThread: Thread is done: FR-08 Checkout Load Test 1-1
2026-08-07 10:01:08,167 INFO o.a.j.t.JMeterThread: Thread finished: FR-08 Checkout Load Test 1-1
2026-08-07 10:01:08,169 INFO o.a.j.e.StandardJMeterEngine: Notifying test listeners of end of test
2026-08-07 10:01:08,170 INFO o.a.j.r.Summariser: summary +      2 in 00:00:07 =    0.3/s Avg:    39 Min:     2 Max:    77 Err:     0 (0.00%) Active: 0 Started: 1 Finished: 1
2026-08-07 10:01:08,171 INFO o.a.j.r.Summariser: summary =      3 in 00:00:07 =    0.4/s Avg:    35 Min:     2 Max:    77 Err:     0 (0.00%)
