2026-08-15 15:46:19,374 INFO o.a.j.u.JMeterUtils: Setting Locale to en_EN
2026-08-15 15:46:19,382 INFO o.a.j.JMeter: Loading user properties from: /opt/homebrew/Cellar/jmeter/5.6.3/libexec/bin/user.properties
2026-08-15 15:46:19,382 INFO o.a.j.JMeter: Loading system properties from: /opt/homebrew/Cellar/jmeter/5.6.3/libexec/bin/system.properties
2026-08-15 15:46:19,382 INFO o.a.j.JMeter: Loading additional properties from: perf/config/jmeter-run.properties
2026-08-15 15:46:19,385 INFO o.a.j.JMeter: Copyright (c) 1998-2024 The Apache Software Foundation
2026-08-15 15:46:19,385 INFO o.a.j.JMeter: Version 5.6.3
2026-08-15 15:46:19,385 INFO o.a.j.JMeter: java.version=21.0.10
2026-08-15 15:46:19,385 INFO o.a.j.JMeter: java.vm.name=OpenJDK 64-Bit Server VM
2026-08-15 15:46:19,385 INFO o.a.j.JMeter: os.name=Mac OS X
2026-08-15 15:46:19,385 INFO o.a.j.JMeter: os.arch=aarch64
2026-08-15 15:46:19,385 INFO o.a.j.JMeter: os.version=26.5.2
2026-08-15 15:46:19,385 INFO o.a.j.JMeter: file.encoding=UTF-8
2026-08-15 15:46:19,385 INFO o.a.j.JMeter: java.awt.headless=true
2026-08-15 15:46:19,385 INFO o.a.j.JMeter: Max memory     =4294967296
2026-08-15 15:46:19,385 INFO o.a.j.JMeter: Available Processors =12
2026-08-15 15:46:19,388 INFO o.a.j.JMeter: Default Locale=English (EN)
2026-08-15 15:46:19,388 INFO o.a.j.JMeter: JMeter  Locale=English (EN)
2026-08-15 15:46:19,388 INFO o.a.j.JMeter: JMeterHome=/opt/homebrew/Cellar/jmeter/5.6.3/libexec
2026-08-15 15:46:19,388 INFO o.a.j.JMeter: user.dir  =/Users/hbn/Documents/CS423-CSC15003-Testing-N08
2026-08-15 15:46:19,388 INFO o.a.j.JMeter: PWD       =/Users/hbn/Documents/CS423-CSC15003-Testing-N08
2026-08-15 15:46:19,390 INFO o.a.j.JMeter: IP: 127.0.0.1 Name: hbns-MacBook-Pro.local FullName: localhost
2026-08-15 15:46:19,397 INFO o.a.j.JMeter: Setting property 'jmeter.reportgenerator.outputdir' to:'/Users/hbn/Documents/CS423-CSC15003-Testing-N08/perf/results/html/23127300_Load_20260814'
2026-08-15 15:46:19,398 INFO o.a.j.s.FileServer: Default base='/Users/hbn/Documents/CS423-CSC15003-Testing-N08'
2026-08-15 15:46:19,398 INFO o.a.j.s.FileServer: Set new base='/Users/hbn/Documents/CS423-CSC15003-Testing-N08/perf/plans/jmeter'
2026-08-15 15:46:19,453 INFO o.a.j.s.SaveService: Testplan (JMX) version: 2.2. Testlog (JTL) version: 2.2
2026-08-15 15:46:19,464 INFO o.a.j.s.SaveService: Using SaveService properties version 5.0
2026-08-15 15:46:19,465 INFO o.a.j.s.SaveService: Using SaveService properties file encoding UTF-8
2026-08-15 15:46:19,465 INFO o.a.j.s.SaveService: Loading file: perf/plans/jmeter/23127300_Load_20260814.jmx
2026-08-15 15:46:19,493 INFO o.a.j.p.h.s.HTTPSamplerBase: Parser for text/html is org.apache.jmeter.protocol.http.parser.LagartoBasedHtmlParser
2026-08-15 15:46:19,493 INFO o.a.j.p.h.s.HTTPSamplerBase: Parser for application/xhtml+xml is org.apache.jmeter.protocol.http.parser.LagartoBasedHtmlParser
2026-08-15 15:46:19,493 INFO o.a.j.p.h.s.HTTPSamplerBase: Parser for application/xml is org.apache.jmeter.protocol.http.parser.LagartoBasedHtmlParser
2026-08-15 15:46:19,493 INFO o.a.j.p.h.s.HTTPSamplerBase: Parser for text/xml is org.apache.jmeter.protocol.http.parser.LagartoBasedHtmlParser
2026-08-15 15:46:19,493 INFO o.a.j.p.h.s.HTTPSamplerBase: Parser for text/vnd.wap.wml is org.apache.jmeter.protocol.http.parser.RegexpHTMLParser
2026-08-15 15:46:19,493 INFO o.a.j.p.h.s.HTTPSamplerBase: Parser for text/css is org.apache.jmeter.protocol.http.parser.CssParser
2026-08-15 15:46:19,509 INFO o.a.j.JMeter: Creating summariser <summary>
2026-08-15 15:46:19,510 INFO o.a.j.r.d.ReportGenerator: ReportGenerator will use for Parsing the separator: ','
2026-08-15 15:46:19,510 INFO o.a.j.r.d.ReportGenerator: Will generate report at end of test from  results file: perf/results/jtl/23127300_Load_20260814.jtl
2026-08-15 15:46:19,510 INFO o.a.j.r.d.ReportGenerator: Reading report generator properties from: /opt/homebrew/Cellar/jmeter/5.6.3/libexec/bin/reportgenerator.properties
2026-08-15 15:46:19,511 INFO o.a.j.r.d.ReportGenerator: Merging with JMeter properties
2026-08-15 15:46:19,512 INFO o.a.j.r.c.ReportGeneratorConfiguration: Property 'jmeter.reportgenerator.temp_dir' not found, using default value 'temp' instead.
2026-08-15 15:46:19,513 INFO o.a.j.r.c.ReportGeneratorConfiguration: Property 'jmeter.reportgenerator.apdex_per_transaction' not found, using default value 'null' instead.
2026-08-15 15:46:19,513 INFO o.a.j.r.c.ReportGeneratorConfiguration: apdex_per_transaction is empty, not APDEX per transaction customization
2026-08-15 15:46:19,513 INFO o.a.j.r.c.ReportGeneratorConfiguration: Property 'jmeter.reportgenerator.sample_filter' not found, using default value 'null' instead.
2026-08-15 15:46:19,513 INFO o.a.j.r.c.ReportGeneratorConfiguration: Property 'jmeter.reportgenerator.report_title' not found, using default value 'null' instead.
2026-08-15 15:46:19,513 INFO o.a.j.r.c.ReportGeneratorConfiguration: Property 'jmeter.reportgenerator.start_date' not found, using default value 'null' instead.
2026-08-15 15:46:19,513 INFO o.a.j.r.c.ReportGeneratorConfiguration: Property 'jmeter.reportgenerator.end_date' not found, using default value 'null' instead.
2026-08-15 15:46:19,513 INFO o.a.j.r.c.ReportGeneratorConfiguration: Property 'jmeter.reportgenerator.date_format' not found, using default value 'null' instead.
2026-08-15 15:46:19,513 INFO o.a.j.r.c.ReportGeneratorConfiguration: Will use date range start date: null, end date: null
2026-08-15 15:46:19,514 INFO o.a.j.r.c.ReportGeneratorConfiguration: Property 'jmeter.reportgenerator.graph.totalTPS.exclude_controllers' not found, using default value 'false' instead.
2026-08-15 15:46:19,514 INFO o.a.j.r.c.ReportGeneratorConfiguration: Property 'jmeter.reportgenerator.graph.activeThreadsOverTime.exclude_controllers' not found, using default value 'false' instead.
2026-08-15 15:46:19,514 INFO o.a.j.r.c.ReportGeneratorConfiguration: Property 'jmeter.reportgenerator.graph.timeVsThreads.exclude_controllers' not found, using default value 'false' instead.
2026-08-15 15:46:19,514 INFO o.a.j.r.c.ReportGeneratorConfiguration: Property 'jmeter.reportgenerator.graph.responseTimeDistribution.exclude_controllers' not found, using default value 'false' instead.
2026-08-15 15:46:19,514 INFO o.a.j.r.c.ReportGeneratorConfiguration: Property 'jmeter.reportgenerator.graph.transactionsPerSecond.exclude_controllers' not found, using default value 'false' instead.
2026-08-15 15:46:19,514 INFO o.a.j.r.c.ReportGeneratorConfiguration: Property 'jmeter.reportgenerator.graph.responseTimePercentiles.exclude_controllers' not found, using default value 'false' instead.
2026-08-15 15:46:19,514 INFO o.a.j.r.c.ReportGeneratorConfiguration: Property 'jmeter.reportgenerator.graph.responseTimePercentilesOverTime.exclude_controllers' not found, using default value 'false' instead.
2026-08-15 15:46:19,514 INFO o.a.j.r.c.ReportGeneratorConfiguration: Property 'jmeter.reportgenerator.graph.responseTimesOverTime.exclude_controllers' not found, using default value 'false' instead.
2026-08-15 15:46:19,515 INFO o.a.j.r.c.ReportGeneratorConfiguration: Property 'jmeter.reportgenerator.graph.connectTimeOverTime.exclude_controllers' not found, using default value 'false' instead.
2026-08-15 15:46:19,515 INFO o.a.j.r.c.ReportGeneratorConfiguration: Property 'jmeter.reportgenerator.graph.latenciesOverTime.exclude_controllers' not found, using default value 'false' instead.
2026-08-15 15:46:19,515 INFO o.a.j.r.c.ReportGeneratorConfiguration: Property 'jmeter.reportgenerator.exporter.json.filters_only_sample_series' not found, using default value 'true' instead.
2026-08-15 15:46:19,515 INFO o.a.j.r.c.ReportGeneratorConfiguration: Property 'jmeter.reportgenerator.exporter.json.series_filter' not found, using default value '' instead.
2026-08-15 15:46:19,515 INFO o.a.j.r.c.ReportGeneratorConfiguration: Property 'jmeter.reportgenerator.exporter.json.show_controllers_only' not found, using default value 'false' instead.
2026-08-15 15:46:19,515 INFO o.a.j.r.c.ReportGeneratorConfiguration: Property 'jmeter.reportgenerator.exporter.html.filters_only_sample_series' not found, using default value 'true' instead.
2026-08-15 15:46:19,515 INFO o.a.j.r.c.ReportGeneratorConfiguration: Property 'jmeter.reportgenerator.exporter.html.series_filter' not found, using default value '' instead.
2026-08-15 15:46:19,515 INFO o.a.j.r.c.ReportGeneratorConfiguration: Property 'jmeter.reportgenerator.exporter.html.show_controllers_only' not found, using default value 'false' instead.
2026-08-15 15:46:19,519 INFO o.a.j.e.StandardJMeterEngine: Running the test!
2026-08-15 15:46:19,519 INFO o.a.j.s.SampleEvent: List of sample_variables: []
2026-08-15 15:46:19,520 INFO o.a.j.s.SampleEvent: List of sample_variables: []
2026-08-15 15:46:19,521 INFO o.a.j.e.u.CompoundVariable: Note: Function class names must contain the string: '.functions.'
2026-08-15 15:46:19,521 INFO o.a.j.e.u.CompoundVariable: Note: Function class names must not contain the string: '.gui.'
2026-08-15 15:46:19,534 INFO o.a.j.r.ClassFinder: Will scan jar /opt/homebrew/Cellar/jmeter/5.6.3/libexec/lib/ext/jmeter-plugins-manager-1.9.jar with filter ExtendsClassFilter [parents=[interface org.apache.jmeter.functions.Function], inner=false, contains=null, notContains=null]. Consider exposing JMeter plugins via META-INF/services, and add JMeter-Skip-Class-Scanning=true manifest attribute so JMeter can skip classfile scanning
2026-08-15 15:46:19,626 INFO o.a.j.JMeter: Running test (1786783579626)
2026-08-15 15:46:19,634 INFO o.a.j.e.StandardJMeterEngine: Starting ThreadGroup: 1 : TG - Load 50 VU
2026-08-15 15:46:19,634 INFO o.a.j.e.StandardJMeterEngine: Starting 50 threads for group TG - Load 50 VU.
2026-08-15 15:46:19,634 INFO o.a.j.e.StandardJMeterEngine: Thread will continue on error
2026-08-15 15:46:19,634 INFO o.a.j.t.ThreadGroup: Starting thread group... number=1 threads=50 ramp-up=60 delayedStart=false
2026-08-15 15:46:19,640 INFO o.a.j.t.JMeterThread: Thread started: TG - Load 50 VU 1-1
2026-08-15 15:46:19,641 INFO o.a.j.s.FileServer: Stored: perf/data/products.csv
2026-08-15 15:46:19,653 INFO o.a.j.t.ThreadGroup: Started thread group number 1
2026-08-15 15:46:19,653 INFO o.a.j.e.StandardJMeterEngine: All thread groups have been started
2026-08-15 15:46:20,840 INFO o.a.j.t.JMeterThread: Thread started: TG - Load 50 VU 1-2
2026-08-15 15:46:21,975 INFO o.a.j.p.h.s.HTTPHCAbstractImpl: Local host = hbns-MacBook-Pro.local
2026-08-15 15:46:21,982 INFO o.a.j.p.h.s.HTTPHC4Impl: HTTP request retry count = 0
2026-08-15 15:46:21,983 INFO o.a.j.s.SampleResult: Note: Sample TimeStamps are START times
2026-08-15 15:46:21,983 INFO o.a.j.s.SampleResult: sampleresult.default.encoding is set to UTF-8
2026-08-15 15:46:21,983 INFO o.a.j.s.SampleResult: sampleresult.useNanoTime=true
2026-08-15 15:46:21,983 INFO o.a.j.s.SampleResult: sampleresult.nanoThreadSleep=5000
2026-08-15 15:46:22,040 INFO o.a.j.t.JMeterThread: Thread started: TG - Load 50 VU 1-3
2026-08-15 15:46:23,242 INFO o.a.j.t.JMeterThread: Thread started: TG - Load 50 VU 1-4
2026-08-15 15:46:24,440 INFO o.a.j.t.JMeterThread: Thread started: TG - Load 50 VU 1-5
2026-08-15 15:46:25,641 INFO o.a.j.t.JMeterThread: Thread started: TG - Load 50 VU 1-6
2026-08-15 15:46:26,841 INFO o.a.j.t.JMeterThread: Thread started: TG - Load 50 VU 1-7
2026-08-15 15:46:28,040 INFO o.a.j.t.JMeterThread: Thread started: TG - Load 50 VU 1-8
2026-08-15 15:46:29,240 INFO o.a.j.t.JMeterThread: Thread started: TG - Load 50 VU 1-9
2026-08-15 15:46:30,388 INFO o.a.j.r.Summariser: summary +     21 in 00:00:11 =    2.0/s Avg:     5 Min:     1 Max:    18 Err:     0 (0.00%) Active: 9 Started: 9 Finished: 0
2026-08-15 15:46:30,437 INFO o.a.j.t.JMeterThread: Thread started: TG - Load 50 VU 1-10
2026-08-15 15:46:31,635 INFO o.a.j.t.JMeterThread: Thread started: TG - Load 50 VU 1-11
2026-08-15 15:46:32,838 INFO o.a.j.t.JMeterThread: Thread started: TG - Load 50 VU 1-12
2026-08-15 15:46:34,037 INFO o.a.j.t.JMeterThread: Thread started: TG - Load 50 VU 1-13
2026-08-15 15:46:35,237 INFO o.a.j.t.JMeterThread: Thread started: TG - Load 50 VU 1-14
2026-08-15 15:46:36,441 INFO o.a.j.t.JMeterThread: Thread started: TG - Load 50 VU 1-15
2026-08-15 15:46:37,638 INFO o.a.j.t.JMeterThread: Thread started: TG - Load 50 VU 1-16
2026-08-15 15:46:38,837 INFO o.a.j.t.JMeterThread: Thread started: TG - Load 50 VU 1-17
2026-08-15 15:46:40,038 INFO o.a.j.t.JMeterThread: Thread started: TG - Load 50 VU 1-18
2026-08-15 15:46:41,237 INFO o.a.j.t.JMeterThread: Thread started: TG - Load 50 VU 1-19
2026-08-15 15:46:42,437 INFO o.a.j.t.JMeterThread: Thread started: TG - Load 50 VU 1-20
2026-08-15 15:46:43,638 INFO o.a.j.t.JMeterThread: Thread started: TG - Load 50 VU 1-21
2026-08-15 15:46:44,834 INFO o.a.j.t.JMeterThread: Thread started: TG - Load 50 VU 1-22
2026-08-15 15:46:46,039 INFO o.a.j.t.JMeterThread: Thread started: TG - Load 50 VU 1-23
2026-08-15 15:46:47,237 INFO o.a.j.t.JMeterThread: Thread started: TG - Load 50 VU 1-24
2026-08-15 15:46:48,437 INFO o.a.j.t.JMeterThread: Thread started: TG - Load 50 VU 1-25
2026-08-15 15:46:49,639 INFO o.a.j.t.JMeterThread: Thread started: TG - Load 50 VU 1-26
2026-08-15 15:46:50,836 INFO o.a.j.t.JMeterThread: Thread started: TG - Load 50 VU 1-27
2026-08-15 15:46:52,036 INFO o.a.j.t.JMeterThread: Thread started: TG - Load 50 VU 1-28
2026-08-15 15:46:53,237 INFO o.a.j.t.JMeterThread: Thread started: TG - Load 50 VU 1-29
2026-08-15 15:46:54,437 INFO o.a.j.t.JMeterThread: Thread started: TG - Load 50 VU 1-30
2026-08-15 15:46:55,640 INFO o.a.j.t.JMeterThread: Thread started: TG - Load 50 VU 1-31
2026-08-15 15:46:56,839 INFO o.a.j.t.JMeterThread: Thread started: TG - Load 50 VU 1-32
2026-08-15 15:46:58,038 INFO o.a.j.t.JMeterThread: Thread started: TG - Load 50 VU 1-33
2026-08-15 15:46:59,236 INFO o.a.j.t.JMeterThread: Thread started: TG - Load 50 VU 1-34
2026-08-15 15:47:00,020 INFO o.a.j.r.Summariser: summary +    316 in 00:00:30 =   10.7/s Avg:     5 Min:     0 Max:   139 Err:     0 (0.00%) Active: 34 Started: 34 Finished: 0
2026-08-15 15:47:00,021 INFO o.a.j.r.Summariser: summary =    337 in 00:00:40 =    8.3/s Avg:     5 Min:     0 Max:   139 Err:     0 (0.00%)
2026-08-15 15:47:00,439 INFO o.a.j.t.JMeterThread: Thread started: TG - Load 50 VU 1-35
2026-08-15 15:47:01,636 INFO o.a.j.t.JMeterThread: Thread started: TG - Load 50 VU 1-36
2026-08-15 15:47:02,838 INFO o.a.j.t.JMeterThread: Thread started: TG - Load 50 VU 1-37
2026-08-15 15:47:04,040 INFO o.a.j.t.JMeterThread: Thread started: TG - Load 50 VU 1-38
2026-08-15 15:47:05,235 INFO o.a.j.t.JMeterThread: Thread started: TG - Load 50 VU 1-39
2026-08-15 15:47:06,437 INFO o.a.j.t.JMeterThread: Thread started: TG - Load 50 VU 1-40
2026-08-15 15:47:07,654 INFO o.a.j.t.JMeterThread: Thread started: TG - Load 50 VU 1-41
2026-08-15 15:47:08,838 INFO o.a.j.t.JMeterThread: Thread started: TG - Load 50 VU 1-42
2026-08-15 15:47:10,039 INFO o.a.j.t.JMeterThread: Thread started: TG - Load 50 VU 1-43
2026-08-15 15:47:11,240 INFO o.a.j.t.JMeterThread: Thread started: TG - Load 50 VU 1-44
2026-08-15 15:47:12,440 INFO o.a.j.t.JMeterThread: Thread started: TG - Load 50 VU 1-45
2026-08-15 15:47:13,639 INFO o.a.j.t.JMeterThread: Thread started: TG - Load 50 VU 1-46
2026-08-15 15:47:14,837 INFO o.a.j.t.JMeterThread: Thread started: TG - Load 50 VU 1-47
2026-08-15 15:47:16,036 INFO o.a.j.t.JMeterThread: Thread started: TG - Load 50 VU 1-48
2026-08-15 15:47:17,240 INFO o.a.j.t.JMeterThread: Thread started: TG - Load 50 VU 1-49
2026-08-15 15:47:18,439 INFO o.a.j.t.JMeterThread: Thread started: TG - Load 50 VU 1-50
2026-08-15 15:47:30,145 INFO o.a.j.r.Summariser: summary +    675 in 00:00:30 =   22.4/s Avg:     3 Min:     0 Max:    15 Err:     0 (0.00%) Active: 50 Started: 50 Finished: 0
2026-08-15 15:47:30,145 INFO o.a.j.r.Summariser: summary =   1012 in 00:01:11 =   14.4/s Avg:     4 Min:     0 Max:   139 Err:     0 (0.00%)
2026-08-15 15:48:00,107 INFO o.a.j.r.Summariser: summary +    760 in 00:00:30 =   25.4/s Avg:     3 Min:     0 Max:    19 Err:     0 (0.00%) Active: 50 Started: 50 Finished: 0
2026-08-15 15:48:00,107 INFO o.a.j.r.Summariser: summary =   1772 in 00:01:40 =   17.6/s Avg:     3 Min:     0 Max:   139 Err:     0 (0.00%)
2026-08-15 15:48:30,079 INFO o.a.j.r.Summariser: summary +    746 in 00:00:30 =   24.9/s Avg:     3 Min:     0 Max:    13 Err:     0 (0.00%) Active: 50 Started: 50 Finished: 0
2026-08-15 15:48:30,079 INFO o.a.j.r.Summariser: summary =   2518 in 00:02:10 =   19.3/s Avg:     3 Min:     0 Max:   139 Err:     0 (0.00%)
2026-08-15 15:49:00,002 INFO o.a.j.r.Summariser: summary +    731 in 00:00:30 =   24.4/s Avg:     3 Min:     0 Max:    12 Err:     0 (0.00%) Active: 50 Started: 50 Finished: 0
2026-08-15 15:49:00,003 INFO o.a.j.r.Summariser: summary =   3249 in 00:02:40 =   20.3/s Avg:     3 Min:     0 Max:   139 Err:     0 (0.00%)
2026-08-15 15:49:30,043 INFO o.a.j.r.Summariser: summary +    751 in 00:00:30 =   25.0/s Avg:     3 Min:     0 Max:    12 Err:     0 (0.00%) Active: 50 Started: 50 Finished: 0
2026-08-15 15:49:30,044 INFO o.a.j.r.Summariser: summary =   4000 in 00:03:10 =   21.0/s Avg:     3 Min:     0 Max:   139 Err:     0 (0.00%)
2026-08-15 15:50:00,034 INFO o.a.j.r.Summariser: summary +    747 in 00:00:30 =   24.9/s Avg:     3 Min:     0 Max:    10 Err:     0 (0.00%) Active: 50 Started: 50 Finished: 0
2026-08-15 15:50:00,034 INFO o.a.j.r.Summariser: summary =   4747 in 00:03:40 =   21.5/s Avg:     3 Min:     0 Max:   139 Err:     0 (0.00%)
2026-08-15 15:50:30,036 INFO o.a.j.r.Summariser: summary +    755 in 00:00:30 =   25.2/s Avg:     3 Min:     0 Max:    12 Err:     0 (0.00%) Active: 50 Started: 50 Finished: 0
2026-08-15 15:50:30,037 INFO o.a.j.r.Summariser: summary =   5502 in 00:04:10 =   22.0/s Avg:     3 Min:     0 Max:   139 Err:     0 (0.00%)
2026-08-15 15:51:00,034 INFO o.a.j.r.Summariser: summary +    729 in 00:00:30 =   24.3/s Avg:     3 Min:     0 Max:     9 Err:     0 (0.00%) Active: 50 Started: 50 Finished: 0
2026-08-15 15:51:00,035 INFO o.a.j.r.Summariser: summary =   6231 in 00:04:40 =   22.2/s Avg:     3 Min:     0 Max:   139 Err:     0 (0.00%)
2026-08-15 15:51:30,031 INFO o.a.j.r.Summariser: summary +    747 in 00:00:30 =   24.9/s Avg:     3 Min:     0 Max:    16 Err:     0 (0.00%) Active: 50 Started: 50 Finished: 0
2026-08-15 15:51:30,031 INFO o.a.j.r.Summariser: summary =   6978 in 00:05:10 =   22.5/s Avg:     3 Min:     0 Max:   139 Err:     0 (0.00%)
2026-08-15 15:52:00,003 INFO o.a.j.r.Summariser: summary +    754 in 00:00:30 =   25.2/s Avg:     3 Min:     0 Max:    13 Err:     0 (0.00%) Active: 50 Started: 50 Finished: 0
2026-08-15 15:52:00,004 INFO o.a.j.r.Summariser: summary =   7732 in 00:05:40 =   22.7/s Avg:     3 Min:     0 Max:   139 Err:     0 (0.00%)
2026-08-15 15:52:16,798 INFO o.a.j.t.JMeterThread: Thread finished: TG - Load 50 VU 1-41
2026-08-15 15:52:16,982 INFO o.a.j.t.JMeterThread: Thread finished: TG - Load 50 VU 1-12
2026-08-15 15:52:17,104 INFO o.a.j.t.JMeterThread: Thread finished: TG - Load 50 VU 1-19
2026-08-15 15:52:17,255 INFO o.a.j.t.JMeterThread: Thread finished: TG - Load 50 VU 1-24
2026-08-15 15:52:17,272 INFO o.a.j.t.JMeterThread: Thread finished: TG - Load 50 VU 1-18
2026-08-15 15:52:17,403 INFO o.a.j.t.JMeterThread: Thread finished: TG - Load 50 VU 1-43
2026-08-15 15:52:17,408 INFO o.a.j.t.JMeterThread: Thread finished: TG - Load 50 VU 1-1
2026-08-15 15:52:17,500 INFO o.a.j.t.JMeterThread: Thread finished: TG - Load 50 VU 1-26
2026-08-15 15:52:17,555 INFO o.a.j.t.JMeterThread: Thread finished: TG - Load 50 VU 1-36
2026-08-15 15:52:17,615 INFO o.a.j.t.JMeterThread: Thread finished: TG - Load 50 VU 1-34
2026-08-15 15:52:17,677 INFO o.a.j.t.JMeterThread: Thread finished: TG - Load 50 VU 1-35
2026-08-15 15:52:17,921 INFO o.a.j.t.JMeterThread: Thread finished: TG - Load 50 VU 1-22
2026-08-15 15:52:17,984 INFO o.a.j.t.JMeterThread: Thread finished: TG - Load 50 VU 1-7
2026-08-15 15:52:18,006 INFO o.a.j.t.JMeterThread: Thread finished: TG - Load 50 VU 1-47
2026-08-15 15:52:18,146 INFO o.a.j.t.JMeterThread: Thread finished: TG - Load 50 VU 1-45
2026-08-15 15:52:18,182 INFO o.a.j.t.JMeterThread: Thread finished: TG - Load 50 VU 1-50
2026-08-15 15:52:18,193 INFO o.a.j.t.JMeterThread: Thread finished: TG - Load 50 VU 1-49
2026-08-15 15:52:18,262 INFO o.a.j.t.JMeterThread: Thread finished: TG - Load 50 VU 1-28
2026-08-15 15:52:18,326 INFO o.a.j.t.JMeterThread: Thread finished: TG - Load 50 VU 1-23
2026-08-15 15:52:18,329 INFO o.a.j.t.JMeterThread: Thread finished: TG - Load 50 VU 1-39
2026-08-15 15:52:18,381 INFO o.a.j.t.JMeterThread: Thread finished: TG - Load 50 VU 1-17
2026-08-15 15:52:18,493 INFO o.a.j.t.JMeterThread: Thread finished: TG - Load 50 VU 1-2
2026-08-15 15:52:18,537 INFO o.a.j.t.JMeterThread: Thread finished: TG - Load 50 VU 1-16
2026-08-15 15:52:18,631 INFO o.a.j.t.JMeterThread: Thread finished: TG - Load 50 VU 1-25
2026-08-15 15:52:18,715 INFO o.a.j.t.JMeterThread: Thread finished: TG - Load 50 VU 1-21
2026-08-15 15:52:18,744 INFO o.a.j.t.JMeterThread: Thread finished: TG - Load 50 VU 1-29
2026-08-15 15:52:18,798 INFO o.a.j.t.JMeterThread: Thread finished: TG - Load 50 VU 1-32
2026-08-15 15:52:18,815 INFO o.a.j.t.JMeterThread: Thread finished: TG - Load 50 VU 1-14
2026-08-15 15:52:18,818 INFO o.a.j.t.JMeterThread: Thread finished: TG - Load 50 VU 1-3
2026-08-15 15:52:18,905 INFO o.a.j.t.JMeterThread: Thread finished: TG - Load 50 VU 1-33
2026-08-15 15:52:18,906 INFO o.a.j.t.JMeterThread: Thread finished: TG - Load 50 VU 1-38
2026-08-15 15:52:18,918 INFO o.a.j.t.JMeterThread: Thread finished: TG - Load 50 VU 1-42
2026-08-15 15:52:18,931 INFO o.a.j.t.JMeterThread: Thread finished: TG - Load 50 VU 1-6
2026-08-15 15:52:18,990 INFO o.a.j.t.JMeterThread: Thread finished: TG - Load 50 VU 1-31
2026-08-15 15:52:19,078 INFO o.a.j.t.JMeterThread: Thread finished: TG - Load 50 VU 1-27
2026-08-15 15:52:19,078 INFO o.a.j.t.JMeterThread: Thread finished: TG - Load 50 VU 1-5
2026-08-15 15:52:19,182 INFO o.a.j.t.JMeterThread: Thread finished: TG - Load 50 VU 1-48
2026-08-15 15:52:19,284 INFO o.a.j.t.JMeterThread: Thread finished: TG - Load 50 VU 1-15
2026-08-15 15:52:19,293 INFO o.a.j.t.JMeterThread: Thread finished: TG - Load 50 VU 1-44
2026-08-15 15:52:19,404 INFO o.a.j.t.JMeterThread: Thread finished: TG - Load 50 VU 1-8
2026-08-15 15:52:19,418 INFO o.a.j.t.JMeterThread: Thread finished: TG - Load 50 VU 1-4
2026-08-15 15:52:19,424 INFO o.a.j.t.JMeterThread: Thread finished: TG - Load 50 VU 1-37
2026-08-15 15:52:19,465 INFO o.a.j.t.JMeterThread: Thread finished: TG - Load 50 VU 1-40
2026-08-15 15:52:19,466 INFO o.a.j.t.JMeterThread: Thread finished: TG - Load 50 VU 1-30
2026-08-15 15:52:19,500 INFO o.a.j.t.JMeterThread: Thread finished: TG - Load 50 VU 1-10
2026-08-15 15:52:19,509 INFO o.a.j.t.JMeterThread: Thread finished: TG - Load 50 VU 1-11
2026-08-15 15:52:19,530 INFO o.a.j.t.JMeterThread: Thread finished: TG - Load 50 VU 1-20
2026-08-15 15:52:19,538 INFO o.a.j.t.JMeterThread: Thread finished: TG - Load 50 VU 1-13
2026-08-15 15:52:19,604 INFO o.a.j.t.JMeterThread: Thread finished: TG - Load 50 VU 1-46
2026-08-15 15:52:19,620 INFO o.a.j.t.JMeterThread: Thread finished: TG - Load 50 VU 1-9
2026-08-15 15:52:19,621 INFO o.a.j.e.StandardJMeterEngine: Notifying test listeners of end of test
2026-08-15 15:52:19,621 INFO o.a.j.s.FileServer: Close: perf/data/products.csv
2026-08-15 15:52:19,629 INFO o.a.j.r.Summariser: summary +    478 in 00:00:20 =   24.4/s Avg:     3 Min:     0 Max:    11 Err:     0 (0.00%) Active: 0 Started: 50 Finished: 50
2026-08-15 15:52:19,629 INFO o.a.j.r.Summariser: summary =   8210 in 00:06:00 =   22.8/s Avg:     3 Min:     0 Max:   139 Err:     0 (0.00%)
2026-08-15 15:52:19,630 INFO o.a.j.JMeter: Generating Dashboard
2026-08-15 15:52:19,630 INFO o.a.j.r.d.ReportGenerator: Flushing result collector before report Generation
2026-08-15 15:52:19,644 INFO o.a.j.r.p.NormalizerSampleConsumer: Using format, 'ms', to parse timeStamp field
2026-08-15 15:52:19,768 INFO o.a.j.r.p.AbstractSampleConsumer: class org.apache.jmeter.report.processor.AggregateConsumer#stopProducing(): beginDate produced 0 samples
2026-08-15 15:52:19,768 INFO o.a.j.r.p.AbstractSampleConsumer: class org.apache.jmeter.report.processor.AggregateConsumer#stopProducing(): endDate produced 0 samples
2026-08-15 15:52:19,769 INFO o.a.j.r.p.AbstractSampleConsumer: class org.apache.jmeter.report.processor.ApdexSummaryConsumer#stopProducing(): apdexSummary produced 0 samples
2026-08-15 15:52:19,769 INFO o.a.j.r.p.AbstractSampleConsumer: class org.apache.jmeter.report.processor.RequestsSummaryConsumer#stopProducing(): requestsSummary produced 0 samples
2026-08-15 15:52:19,773 INFO o.a.j.r.p.AbstractSampleConsumer: class org.apache.jmeter.report.processor.StatisticsSummaryConsumer#stopProducing(): statisticsSummary produced 0 samples
2026-08-15 15:52:19,774 INFO o.a.j.r.p.AbstractSampleConsumer: class org.apache.jmeter.report.processor.Top5ErrorsBySamplerConsumer#stopProducing(): top5ErrorsBySampler produced 0 samples
2026-08-15 15:52:19,774 INFO o.a.j.r.p.AbstractSampleConsumer: class org.apache.jmeter.report.processor.ErrorsSummaryConsumer#stopProducing(): errorsSummary produced 0 samples
2026-08-15 15:52:19,774 INFO o.a.j.r.p.AbstractSampleConsumer: class org.apache.jmeter.report.processor.graph.impl.HitsPerSecondGraphConsumer#stopProducing(): hitsPerSecond produced 0 samples
2026-08-15 15:52:19,802 INFO o.a.j.r.p.AbstractSampleConsumer: class org.apache.jmeter.report.processor.graph.impl.LatencyVSRequestGraphConsumer#stopProducing(): latencyVsRequest produced 0 samples
2026-08-15 15:52:19,802 INFO o.a.j.r.p.AbstractSampleConsumer: class org.apache.jmeter.report.processor.graph.impl.SyntheticResponseTimeDistributionGraphConsumer#stopProducing(): syntheticResponseTimeDistribution produced 0 samples
2026-08-15 15:52:19,803 INFO o.a.j.r.p.AbstractSampleConsumer: class org.apache.jmeter.report.processor.graph.impl.BytesThroughputGraphConsumer#stopProducing(): bytesThroughputOverTime produced 0 samples
2026-08-15 15:52:19,803 INFO o.a.j.r.p.AbstractSampleConsumer: class org.apache.jmeter.report.processor.graph.impl.CodesPerSecondGraphConsumer#stopProducing(): codesPerSecond produced 0 samples
2026-08-15 15:52:19,816 INFO o.a.j.r.p.AbstractSampleConsumer: class org.apache.jmeter.report.processor.graph.impl.ResponseTimeVSRequestGraphConsumer#stopProducing(): responseTimeVsRequest produced 0 samples
2026-08-15 15:52:19,816 INFO o.a.j.r.p.AbstractSampleConsumer: class org.apache.jmeter.report.processor.FilterConsumer#stopProducing(): startIntervalControlerFilter produced 57470 samples
2026-08-15 15:52:19,816 INFO o.a.j.r.p.AbstractSampleConsumer: class org.apache.jmeter.report.processor.graph.impl.TotalTPSGraphConsumer#stopProducing(): totalTPS produced 0 samples
2026-08-15 15:52:19,816 INFO o.a.j.r.p.AbstractSampleConsumer: class org.apache.jmeter.report.processor.graph.impl.ActiveThreadsGraphConsumer#stopProducing(): activeThreadsOverTime produced 0 samples
2026-08-15 15:52:19,816 INFO o.a.j.r.p.AbstractSampleConsumer: class org.apache.jmeter.report.processor.graph.impl.TimeVSThreadGraphConsumer#stopProducing(): timeVsThreads produced 0 samples
2026-08-15 15:52:19,816 INFO o.a.j.r.p.AbstractSampleConsumer: class org.apache.jmeter.report.processor.graph.impl.ResponseTimeDistributionGraphConsumer#stopProducing(): responseTimeDistribution produced 0 samples
2026-08-15 15:52:19,817 INFO o.a.j.r.p.AbstractSampleConsumer: class org.apache.jmeter.report.processor.graph.impl.TransactionsPerSecondGraphConsumer#stopProducing(): transactionsPerSecond produced 0 samples
2026-08-15 15:52:19,817 INFO o.a.j.r.p.AbstractSampleConsumer: class org.apache.jmeter.report.processor.graph.impl.ResponseTimePercentilesGraphConsumer#stopProducing(): responseTimePercentiles produced 0 samples
2026-08-15 15:52:19,818 INFO o.a.j.r.p.AbstractSampleConsumer: class org.apache.jmeter.report.processor.graph.impl.ResponseTimePercentilesOverTimeGraphConsumer#stopProducing(): responseTimePercentilesOverTime produced 0 samples
2026-08-15 15:52:19,819 INFO o.a.j.r.p.AbstractSampleConsumer: class org.apache.jmeter.report.processor.graph.impl.ResponseTimeOverTimeGraphConsumer#stopProducing(): responseTimesOverTime produced 0 samples
2026-08-15 15:52:19,819 INFO o.a.j.r.p.AbstractSampleConsumer: class org.apache.jmeter.report.processor.graph.impl.ConnectTimeOverTimeGraphConsumer#stopProducing(): connectTimeOverTime produced 0 samples
2026-08-15 15:52:19,819 INFO o.a.j.r.p.AbstractSampleConsumer: class org.apache.jmeter.report.processor.graph.impl.LatencyOverTimeGraphConsumer#stopProducing(): latenciesOverTime produced 0 samples
2026-08-15 15:52:19,819 INFO o.a.j.r.p.AbstractSampleConsumer: class org.apache.jmeter.report.processor.FilterConsumer#stopProducing(): nameFilter produced 123150 samples
2026-08-15 15:52:19,820 INFO o.a.j.r.p.AbstractSampleConsumer: class org.apache.jmeter.report.processor.FilterConsumer#stopProducing(): dateRangeFilter produced 24630 samples
2026-08-15 15:52:19,820 INFO o.a.j.r.p.AbstractSampleConsumer: class org.apache.jmeter.report.processor.NormalizerSampleConsumer#stopProducing(): normalizer produced 8210 samples
2026-08-15 15:52:19,820 INFO o.a.j.r.p.CsvFileSampleSource: produce(): 8210 samples produced in 159ms on channel 0
2026-08-15 15:52:19,820 INFO o.a.j.r.d.ReportGenerator: Exporting data using exporter:'json' of className:'org.apache.jmeter.report.dashboard.JsonExporter'
2026-08-15 15:52:19,846 INFO o.a.j.r.d.JsonExporter: Found data for consumer statisticsSummary in context
2026-08-15 15:52:19,847 INFO o.a.j.r.d.JsonExporter: Creating statistics for overall
2026-08-15 15:52:19,847 INFO o.a.j.r.d.JsonExporter: Creating statistics for other transactions
2026-08-15 15:52:19,847 INFO o.a.j.r.d.JsonExporter: Checking output folder
2026-08-15 15:52:19,847 INFO o.a.j.r.d.JsonExporter: Writing statistics JSON to /Users/hbn/Documents/CS423-CSC15003-Testing-N08/perf/results/html/23127300_Load_20260814/statistics.json
2026-08-15 15:52:19,865 INFO o.a.j.r.d.ReportGenerator: Exporting data using exporter:'html' of className:'org.apache.jmeter.report.dashboard.HtmlTemplateExporter'
2026-08-15 15:52:19,871 INFO o.a.j.r.d.HtmlTemplateExporter: Will generate dashboard in folder: /Users/hbn/Documents/CS423-CSC15003-Testing-N08/perf/results/html/23127300_Load_20260814
2026-08-15 15:52:19,908 INFO o.a.j.r.d.HtmlTemplateExporter: Report will be generated in: /Users/hbn/Documents/CS423-CSC15003-Testing-N08/perf/results/html/23127300_Load_20260814, creating folder structure
2026-08-15 15:52:19,908 INFO o.a.j.r.d.TemplateVisitor: Copying folder from '/opt/homebrew/Cellar/jmeter/5.6.3/libexec/bin/report-template' to '/Users/hbn/Documents/CS423-CSC15003-Testing-N08/perf/results/html/23127300_Load_20260814', got message: /Users/hbn/Documents/CS423-CSC15003-Testing-N08/perf/results/html/23127300_Load_20260814, found non empty folder with following content [/Users/hbn/Documents/CS423-CSC15003-Testing-N08/perf/results/html/23127300_Load_20260814/statistics.json], will be ignored
2026-08-15 15:52:20,001 INFO o.a.j.JMeter: Dashboard generated
