2026-08-14 22:13:49,038 INFO o.a.j.u.JMeterUtils: Setting Locale to en_EN
2026-08-14 22:13:49,046 INFO o.a.j.JMeter: Loading user properties from: /opt/homebrew/Cellar/jmeter/5.6.3/libexec/bin/user.properties
2026-08-14 22:13:49,046 INFO o.a.j.JMeter: Loading system properties from: /opt/homebrew/Cellar/jmeter/5.6.3/libexec/bin/system.properties
2026-08-14 22:13:49,046 INFO o.a.j.JMeter: Loading additional properties from: perf/config/jmeter-run.properties
2026-08-14 22:13:49,048 INFO o.a.j.JMeter: Copyright (c) 1998-2024 The Apache Software Foundation
2026-08-14 22:13:49,048 INFO o.a.j.JMeter: Version 5.6.3
2026-08-14 22:13:49,048 INFO o.a.j.JMeter: java.version=21.0.10
2026-08-14 22:13:49,048 INFO o.a.j.JMeter: java.vm.name=OpenJDK 64-Bit Server VM
2026-08-14 22:13:49,048 INFO o.a.j.JMeter: os.name=Mac OS X
2026-08-14 22:13:49,048 INFO o.a.j.JMeter: os.arch=aarch64
2026-08-14 22:13:49,048 INFO o.a.j.JMeter: os.version=26.5.2
2026-08-14 22:13:49,048 INFO o.a.j.JMeter: file.encoding=UTF-8
2026-08-14 22:13:49,048 INFO o.a.j.JMeter: java.awt.headless=true
2026-08-14 22:13:49,048 INFO o.a.j.JMeter: Max memory     =4294967296
2026-08-14 22:13:49,048 INFO o.a.j.JMeter: Available Processors =12
2026-08-14 22:13:49,052 INFO o.a.j.JMeter: Default Locale=English (EN)
2026-08-14 22:13:49,052 INFO o.a.j.JMeter: JMeter  Locale=English (EN)
2026-08-14 22:13:49,052 INFO o.a.j.JMeter: JMeterHome=/opt/homebrew/Cellar/jmeter/5.6.3/libexec
2026-08-14 22:13:49,052 INFO o.a.j.JMeter: user.dir  =/Users/hbn/Documents/CS423-CSC15003-Testing-N08
2026-08-14 22:13:49,052 INFO o.a.j.JMeter: PWD       =/Users/hbn/Documents/CS423-CSC15003-Testing-N08
2026-08-14 22:13:49,054 INFO o.a.j.JMeter: IP: 127.0.0.1 Name: hbns-MacBook-Pro.local FullName: localhost
2026-08-14 22:13:49,061 INFO o.a.j.JMeter: Setting property 'jmeter.reportgenerator.outputdir' to:'/Users/hbn/Documents/CS423-CSC15003-Testing-N08/perf/results/html/23127300_Stress_20260814'
2026-08-14 22:13:49,062 INFO o.a.j.s.FileServer: Default base='/Users/hbn/Documents/CS423-CSC15003-Testing-N08'
2026-08-14 22:13:49,062 INFO o.a.j.s.FileServer: Set new base='/Users/hbn/Documents/CS423-CSC15003-Testing-N08/perf/plans/jmeter'
2026-08-14 22:13:49,119 INFO o.a.j.s.SaveService: Testplan (JMX) version: 2.2. Testlog (JTL) version: 2.2
2026-08-14 22:13:49,130 INFO o.a.j.s.SaveService: Using SaveService properties version 5.0
2026-08-14 22:13:49,131 INFO o.a.j.s.SaveService: Using SaveService properties file encoding UTF-8
2026-08-14 22:13:49,132 INFO o.a.j.s.SaveService: Loading file: perf/plans/jmeter/23127300_Stress_20260814.jmx
2026-08-14 22:13:49,154 INFO o.a.j.p.h.s.HTTPSamplerBase: Parser for text/html is org.apache.jmeter.protocol.http.parser.LagartoBasedHtmlParser
2026-08-14 22:13:49,154 INFO o.a.j.p.h.s.HTTPSamplerBase: Parser for application/xhtml+xml is org.apache.jmeter.protocol.http.parser.LagartoBasedHtmlParser
2026-08-14 22:13:49,154 INFO o.a.j.p.h.s.HTTPSamplerBase: Parser for application/xml is org.apache.jmeter.protocol.http.parser.LagartoBasedHtmlParser
2026-08-14 22:13:49,154 INFO o.a.j.p.h.s.HTTPSamplerBase: Parser for text/xml is org.apache.jmeter.protocol.http.parser.LagartoBasedHtmlParser
2026-08-14 22:13:49,154 INFO o.a.j.p.h.s.HTTPSamplerBase: Parser for text/vnd.wap.wml is org.apache.jmeter.protocol.http.parser.RegexpHTMLParser
2026-08-14 22:13:49,154 INFO o.a.j.p.h.s.HTTPSamplerBase: Parser for text/css is org.apache.jmeter.protocol.http.parser.CssParser
2026-08-14 22:13:49,185 INFO o.a.j.JMeter: Creating summariser <summary>
2026-08-14 22:13:49,187 INFO o.a.j.r.d.ReportGenerator: ReportGenerator will use for Parsing the separator: ','
2026-08-14 22:13:49,187 INFO o.a.j.r.d.ReportGenerator: Will generate report at end of test from  results file: perf/results/jtl/23127300_Stress_20260814.jtl
2026-08-14 22:13:49,187 INFO o.a.j.r.d.ReportGenerator: Reading report generator properties from: /opt/homebrew/Cellar/jmeter/5.6.3/libexec/bin/reportgenerator.properties
2026-08-14 22:13:49,187 INFO o.a.j.r.d.ReportGenerator: Merging with JMeter properties
2026-08-14 22:13:49,189 INFO o.a.j.r.c.ReportGeneratorConfiguration: Property 'jmeter.reportgenerator.temp_dir' not found, using default value 'temp' instead.
2026-08-14 22:13:49,190 INFO o.a.j.r.c.ReportGeneratorConfiguration: Property 'jmeter.reportgenerator.apdex_per_transaction' not found, using default value 'null' instead.
2026-08-14 22:13:49,190 INFO o.a.j.r.c.ReportGeneratorConfiguration: apdex_per_transaction is empty, not APDEX per transaction customization
2026-08-14 22:13:49,190 INFO o.a.j.r.c.ReportGeneratorConfiguration: Property 'jmeter.reportgenerator.sample_filter' not found, using default value 'null' instead.
2026-08-14 22:13:49,190 INFO o.a.j.r.c.ReportGeneratorConfiguration: Property 'jmeter.reportgenerator.report_title' not found, using default value 'null' instead.
2026-08-14 22:13:49,190 INFO o.a.j.r.c.ReportGeneratorConfiguration: Property 'jmeter.reportgenerator.start_date' not found, using default value 'null' instead.
2026-08-14 22:13:49,190 INFO o.a.j.r.c.ReportGeneratorConfiguration: Property 'jmeter.reportgenerator.end_date' not found, using default value 'null' instead.
2026-08-14 22:13:49,190 INFO o.a.j.r.c.ReportGeneratorConfiguration: Property 'jmeter.reportgenerator.date_format' not found, using default value 'null' instead.
2026-08-14 22:13:49,190 INFO o.a.j.r.c.ReportGeneratorConfiguration: Will use date range start date: null, end date: null
2026-08-14 22:13:49,191 INFO o.a.j.r.c.ReportGeneratorConfiguration: Property 'jmeter.reportgenerator.graph.totalTPS.exclude_controllers' not found, using default value 'false' instead.
2026-08-14 22:13:49,191 INFO o.a.j.r.c.ReportGeneratorConfiguration: Property 'jmeter.reportgenerator.graph.activeThreadsOverTime.exclude_controllers' not found, using default value 'false' instead.
2026-08-14 22:13:49,191 INFO o.a.j.r.c.ReportGeneratorConfiguration: Property 'jmeter.reportgenerator.graph.timeVsThreads.exclude_controllers' not found, using default value 'false' instead.
2026-08-14 22:13:49,191 INFO o.a.j.r.c.ReportGeneratorConfiguration: Property 'jmeter.reportgenerator.graph.responseTimeDistribution.exclude_controllers' not found, using default value 'false' instead.
2026-08-14 22:13:49,191 INFO o.a.j.r.c.ReportGeneratorConfiguration: Property 'jmeter.reportgenerator.graph.transactionsPerSecond.exclude_controllers' not found, using default value 'false' instead.
2026-08-14 22:13:49,192 INFO o.a.j.r.c.ReportGeneratorConfiguration: Property 'jmeter.reportgenerator.graph.responseTimePercentiles.exclude_controllers' not found, using default value 'false' instead.
2026-08-14 22:13:49,192 INFO o.a.j.r.c.ReportGeneratorConfiguration: Property 'jmeter.reportgenerator.graph.responseTimePercentilesOverTime.exclude_controllers' not found, using default value 'false' instead.
2026-08-14 22:13:49,192 INFO o.a.j.r.c.ReportGeneratorConfiguration: Property 'jmeter.reportgenerator.graph.responseTimesOverTime.exclude_controllers' not found, using default value 'false' instead.
2026-08-14 22:13:49,192 INFO o.a.j.r.c.ReportGeneratorConfiguration: Property 'jmeter.reportgenerator.graph.connectTimeOverTime.exclude_controllers' not found, using default value 'false' instead.
2026-08-14 22:13:49,192 INFO o.a.j.r.c.ReportGeneratorConfiguration: Property 'jmeter.reportgenerator.graph.latenciesOverTime.exclude_controllers' not found, using default value 'false' instead.
2026-08-14 22:13:49,192 INFO o.a.j.r.c.ReportGeneratorConfiguration: Property 'jmeter.reportgenerator.exporter.json.filters_only_sample_series' not found, using default value 'true' instead.
2026-08-14 22:13:49,192 INFO o.a.j.r.c.ReportGeneratorConfiguration: Property 'jmeter.reportgenerator.exporter.json.series_filter' not found, using default value '' instead.
2026-08-14 22:13:49,192 INFO o.a.j.r.c.ReportGeneratorConfiguration: Property 'jmeter.reportgenerator.exporter.json.show_controllers_only' not found, using default value 'false' instead.
2026-08-14 22:13:49,192 INFO o.a.j.r.c.ReportGeneratorConfiguration: Property 'jmeter.reportgenerator.exporter.html.filters_only_sample_series' not found, using default value 'true' instead.
2026-08-14 22:13:49,192 INFO o.a.j.r.c.ReportGeneratorConfiguration: Property 'jmeter.reportgenerator.exporter.html.series_filter' not found, using default value '' instead.
2026-08-14 22:13:49,192 INFO o.a.j.r.c.ReportGeneratorConfiguration: Property 'jmeter.reportgenerator.exporter.html.show_controllers_only' not found, using default value 'false' instead.
2026-08-14 22:13:49,197 INFO o.a.j.e.StandardJMeterEngine: Running the test!
2026-08-14 22:13:49,197 INFO o.a.j.s.SampleEvent: List of sample_variables: []
2026-08-14 22:13:49,197 INFO o.a.j.s.SampleEvent: List of sample_variables: []
2026-08-14 22:13:49,198 INFO o.a.j.e.u.CompoundVariable: Note: Function class names must contain the string: '.functions.'
2026-08-14 22:13:49,198 INFO o.a.j.e.u.CompoundVariable: Note: Function class names must not contain the string: '.gui.'
2026-08-14 22:13:49,212 INFO o.a.j.r.ClassFinder: Will scan jar /opt/homebrew/Cellar/jmeter/5.6.3/libexec/lib/ext/jmeter-plugins-manager-1.9.jar with filter ExtendsClassFilter [parents=[interface org.apache.jmeter.functions.Function], inner=false, contains=null, notContains=null]. Consider exposing JMeter plugins via META-INF/services, and add JMeter-Skip-Class-Scanning=true manifest attribute so JMeter can skip classfile scanning
2026-08-14 22:13:49,309 INFO o.a.j.JMeter: Running test (1786720429309)
2026-08-14 22:13:49,317 INFO o.a.j.e.StandardJMeterEngine: Starting ThreadGroup: 1 : TG - Stress step 1 (60 VU)
2026-08-14 22:13:49,317 INFO o.a.j.e.StandardJMeterEngine: Starting 60 threads for group TG - Stress step 1 (60 VU).
2026-08-14 22:13:49,317 INFO o.a.j.e.StandardJMeterEngine: Thread will continue on error
2026-08-14 22:13:49,317 INFO o.a.j.t.ThreadGroup: Starting thread group... number=1 threads=60 ramp-up=30 delayedStart=false
2026-08-14 22:13:49,325 INFO o.a.j.t.JMeterThread: Thread started: TG - Stress step 1 (60 VU) 1-1
2026-08-14 22:13:49,325 INFO o.a.j.s.FileServer: Stored: perf/data/products.csv
2026-08-14 22:13:49,330 INFO o.a.j.s.FileServer: Stored: perf/data/accounts.csv
2026-08-14 22:13:49,337 INFO o.a.j.t.ThreadGroup: Started thread group number 1
2026-08-14 22:13:49,337 INFO o.a.j.e.StandardJMeterEngine: Starting ThreadGroup: 2 : TG - Stress step 2 (+60 VU)
2026-08-14 22:13:49,337 INFO o.a.j.e.StandardJMeterEngine: Starting 60 threads for group TG - Stress step 2 (+60 VU).
2026-08-14 22:13:49,337 INFO o.a.j.e.StandardJMeterEngine: Thread will continue on error
2026-08-14 22:13:49,337 INFO o.a.j.t.ThreadGroup: Starting thread group... number=2 threads=60 ramp-up=30 delayedStart=false
2026-08-14 22:13:49,352 INFO o.a.j.t.ThreadGroup: Started thread group number 2
2026-08-14 22:13:49,353 INFO o.a.j.e.StandardJMeterEngine: Starting ThreadGroup: 3 : TG - Stress step 3 (+60 VU)
2026-08-14 22:13:49,353 INFO o.a.j.e.StandardJMeterEngine: Starting 60 threads for group TG - Stress step 3 (+60 VU).
2026-08-14 22:13:49,353 INFO o.a.j.e.StandardJMeterEngine: Thread will continue on error
2026-08-14 22:13:49,353 INFO o.a.j.t.ThreadGroup: Starting thread group... number=3 threads=60 ramp-up=30 delayedStart=false
2026-08-14 22:13:49,367 INFO o.a.j.t.ThreadGroup: Started thread group number 3
2026-08-14 22:13:49,367 INFO o.a.j.e.StandardJMeterEngine: Starting ThreadGroup: 4 : TG - Stress step 4 (+60 VU)
2026-08-14 22:13:49,367 INFO o.a.j.e.StandardJMeterEngine: Starting 60 threads for group TG - Stress step 4 (+60 VU).
2026-08-14 22:13:49,367 INFO o.a.j.e.StandardJMeterEngine: Thread will continue on error
2026-08-14 22:13:49,367 INFO o.a.j.t.ThreadGroup: Starting thread group... number=4 threads=60 ramp-up=30 delayedStart=false
2026-08-14 22:13:49,380 INFO o.a.j.t.ThreadGroup: Started thread group number 4
2026-08-14 22:13:49,380 INFO o.a.j.e.StandardJMeterEngine: Starting ThreadGroup: 5 : TG - Stress step 5 (+60 VU)
2026-08-14 22:13:49,381 INFO o.a.j.e.StandardJMeterEngine: Starting 60 threads for group TG - Stress step 5 (+60 VU).
2026-08-14 22:13:49,381 INFO o.a.j.e.StandardJMeterEngine: Thread will continue on error
2026-08-14 22:13:49,381 INFO o.a.j.t.ThreadGroup: Starting thread group... number=5 threads=60 ramp-up=30 delayedStart=false
2026-08-14 22:13:49,394 INFO o.a.j.t.ThreadGroup: Started thread group number 5
2026-08-14 22:13:49,394 INFO o.a.j.e.StandardJMeterEngine: All thread groups have been started
2026-08-14 22:13:49,514 INFO o.a.j.p.h.s.HTTPHCAbstractImpl: Local host = hbns-MacBook-Pro.local
2026-08-14 22:13:49,516 INFO o.a.j.p.h.s.HTTPHC4Impl: HTTP request retry count = 0
2026-08-14 22:13:49,516 INFO o.a.j.s.SampleResult: Note: Sample TimeStamps are START times
2026-08-14 22:13:49,516 INFO o.a.j.s.SampleResult: sampleresult.default.encoding is set to UTF-8
2026-08-14 22:13:49,516 INFO o.a.j.s.SampleResult: sampleresult.useNanoTime=true
2026-08-14 22:13:49,516 INFO o.a.j.s.SampleResult: sampleresult.nanoThreadSleep=5000
2026-08-14 22:13:49,828 INFO o.a.j.t.JMeterThread: Thread started: TG - Stress step 1 (60 VU) 1-2
2026-08-14 22:13:50,329 INFO o.a.j.t.JMeterThread: Thread started: TG - Stress step 1 (60 VU) 1-3
2026-08-14 22:13:50,823 INFO o.a.j.t.JMeterThread: Thread started: TG - Stress step 1 (60 VU) 1-4
2026-08-14 22:13:51,328 INFO o.a.j.t.JMeterThread: Thread started: TG - Stress step 1 (60 VU) 1-5
2026-08-14 22:13:51,830 INFO o.a.j.t.JMeterThread: Thread started: TG - Stress step 1 (60 VU) 1-6
2026-08-14 22:13:52,330 INFO o.a.j.t.JMeterThread: Thread started: TG - Stress step 1 (60 VU) 1-7
2026-08-14 22:13:52,825 INFO o.a.j.t.JMeterThread: Thread started: TG - Stress step 1 (60 VU) 1-8
2026-08-14 22:13:53,330 INFO o.a.j.t.JMeterThread: Thread started: TG - Stress step 1 (60 VU) 1-9
2026-08-14 22:13:53,821 INFO o.a.j.t.JMeterThread: Thread started: TG - Stress step 1 (60 VU) 1-10
2026-08-14 22:13:54,321 INFO o.a.j.t.JMeterThread: Thread started: TG - Stress step 1 (60 VU) 1-11
2026-08-14 22:13:54,829 INFO o.a.j.t.JMeterThread: Thread started: TG - Stress step 1 (60 VU) 1-12
2026-08-14 22:13:55,327 INFO o.a.j.t.JMeterThread: Thread started: TG - Stress step 1 (60 VU) 1-13
2026-08-14 22:13:55,821 INFO o.a.j.t.JMeterThread: Thread started: TG - Stress step 1 (60 VU) 1-14
2026-08-14 22:13:56,324 INFO o.a.j.t.JMeterThread: Thread started: TG - Stress step 1 (60 VU) 1-15
2026-08-14 22:13:56,824 INFO o.a.j.t.JMeterThread: Thread started: TG - Stress step 1 (60 VU) 1-16
2026-08-14 22:13:57,321 INFO o.a.j.t.JMeterThread: Thread started: TG - Stress step 1 (60 VU) 1-17
2026-08-14 22:13:57,828 INFO o.a.j.t.JMeterThread: Thread started: TG - Stress step 1 (60 VU) 1-18
2026-08-14 22:13:58,325 INFO o.a.j.t.JMeterThread: Thread started: TG - Stress step 1 (60 VU) 1-19
2026-08-14 22:13:58,828 INFO o.a.j.t.JMeterThread: Thread started: TG - Stress step 1 (60 VU) 1-20
2026-08-14 22:13:59,325 INFO o.a.j.t.JMeterThread: Thread started: TG - Stress step 1 (60 VU) 1-21
2026-08-14 22:13:59,822 INFO o.a.j.t.JMeterThread: Thread started: TG - Stress step 1 (60 VU) 1-22
2026-08-14 22:14:00,003 INFO o.a.j.r.Summariser: summary +    554 in 00:00:11 =   51.8/s Avg:     2 Min:     0 Max:    12 Err:     0 (0.00%) Active: 22 Started: 22 Finished: 0
2026-08-14 22:14:00,328 INFO o.a.j.t.JMeterThread: Thread started: TG - Stress step 1 (60 VU) 1-23
2026-08-14 22:14:00,824 INFO o.a.j.t.JMeterThread: Thread started: TG - Stress step 1 (60 VU) 1-24
2026-08-14 22:14:01,325 INFO o.a.j.t.JMeterThread: Thread started: TG - Stress step 1 (60 VU) 1-25
2026-08-14 22:14:01,825 INFO o.a.j.t.JMeterThread: Thread started: TG - Stress step 1 (60 VU) 1-26
2026-08-14 22:14:02,320 INFO o.a.j.t.JMeterThread: Thread started: TG - Stress step 1 (60 VU) 1-27
2026-08-14 22:14:02,818 INFO o.a.j.t.JMeterThread: Thread started: TG - Stress step 1 (60 VU) 1-28
2026-08-14 22:14:03,322 INFO o.a.j.t.JMeterThread: Thread started: TG - Stress step 1 (60 VU) 1-29
2026-08-14 22:14:03,826 INFO o.a.j.t.JMeterThread: Thread started: TG - Stress step 1 (60 VU) 1-30
2026-08-14 22:14:04,318 INFO o.a.j.t.JMeterThread: Thread started: TG - Stress step 1 (60 VU) 1-31
2026-08-14 22:14:04,828 INFO o.a.j.t.JMeterThread: Thread started: TG - Stress step 1 (60 VU) 1-32
2026-08-14 22:14:05,326 INFO o.a.j.t.JMeterThread: Thread started: TG - Stress step 1 (60 VU) 1-33
2026-08-14 22:14:05,819 INFO o.a.j.t.JMeterThread: Thread started: TG - Stress step 1 (60 VU) 1-34
2026-08-14 22:14:06,325 INFO o.a.j.t.JMeterThread: Thread started: TG - Stress step 1 (60 VU) 1-35
2026-08-14 22:14:06,827 INFO o.a.j.t.JMeterThread: Thread started: TG - Stress step 1 (60 VU) 1-36
2026-08-14 22:14:07,327 INFO o.a.j.t.JMeterThread: Thread started: TG - Stress step 1 (60 VU) 1-37
2026-08-14 22:14:07,827 INFO o.a.j.t.JMeterThread: Thread started: TG - Stress step 1 (60 VU) 1-38
2026-08-14 22:14:08,327 INFO o.a.j.t.JMeterThread: Thread started: TG - Stress step 1 (60 VU) 1-39
2026-08-14 22:14:08,820 INFO o.a.j.t.JMeterThread: Thread started: TG - Stress step 1 (60 VU) 1-40
2026-08-14 22:14:09,325 INFO o.a.j.t.JMeterThread: Thread started: TG - Stress step 1 (60 VU) 1-41
2026-08-14 22:14:09,828 INFO o.a.j.t.JMeterThread: Thread started: TG - Stress step 1 (60 VU) 1-42
2026-08-14 22:14:10,321 INFO o.a.j.t.JMeterThread: Thread started: TG - Stress step 1 (60 VU) 1-43
2026-08-14 22:14:10,827 INFO o.a.j.t.JMeterThread: Thread started: TG - Stress step 1 (60 VU) 1-44
2026-08-14 22:14:11,328 INFO o.a.j.t.JMeterThread: Thread started: TG - Stress step 1 (60 VU) 1-45
2026-08-14 22:14:11,828 INFO o.a.j.t.JMeterThread: Thread started: TG - Stress step 1 (60 VU) 1-46
2026-08-14 22:14:12,327 INFO o.a.j.t.JMeterThread: Thread started: TG - Stress step 1 (60 VU) 1-47
2026-08-14 22:14:12,817 INFO o.a.j.t.JMeterThread: Thread started: TG - Stress step 1 (60 VU) 1-48
2026-08-14 22:14:13,325 INFO o.a.j.t.JMeterThread: Thread started: TG - Stress step 1 (60 VU) 1-49
2026-08-14 22:14:13,827 INFO o.a.j.t.JMeterThread: Thread started: TG - Stress step 1 (60 VU) 1-50
2026-08-14 22:14:14,324 INFO o.a.j.t.JMeterThread: Thread started: TG - Stress step 1 (60 VU) 1-51
2026-08-14 22:14:14,827 INFO o.a.j.t.JMeterThread: Thread started: TG - Stress step 1 (60 VU) 1-52
2026-08-14 22:14:15,323 INFO o.a.j.t.JMeterThread: Thread started: TG - Stress step 1 (60 VU) 1-53
2026-08-14 22:14:15,828 INFO o.a.j.t.JMeterThread: Thread started: TG - Stress step 1 (60 VU) 1-54
2026-08-14 22:14:16,327 INFO o.a.j.t.JMeterThread: Thread started: TG - Stress step 1 (60 VU) 1-55
2026-08-14 22:14:16,827 INFO o.a.j.t.JMeterThread: Thread started: TG - Stress step 1 (60 VU) 1-56
2026-08-14 22:14:17,328 INFO o.a.j.t.JMeterThread: Thread started: TG - Stress step 1 (60 VU) 1-57
2026-08-14 22:14:17,821 INFO o.a.j.t.JMeterThread: Thread started: TG - Stress step 1 (60 VU) 1-58
2026-08-14 22:14:18,326 INFO o.a.j.t.JMeterThread: Thread started: TG - Stress step 1 (60 VU) 1-59
2026-08-14 22:14:18,826 INFO o.a.j.t.JMeterThread: Thread started: TG - Stress step 1 (60 VU) 1-60
2026-08-14 22:14:30,003 INFO o.a.j.r.Summariser: summary +   6891 in 00:00:30 =  229.7/s Avg:     1 Min:     0 Max:    15 Err:     0 (0.00%) Active: 60 Started: 60 Finished: 0
2026-08-14 22:14:30,004 INFO o.a.j.r.Summariser: summary =   7445 in 00:00:41 =  183.0/s Avg:     1 Min:     0 Max:    15 Err:     0 (0.00%)
2026-08-14 22:15:00,002 INFO o.a.j.r.Summariser: summary +   8740 in 00:00:30 =  291.3/s Avg:     1 Min:     0 Max:    30 Err:     0 (0.00%) Active: 60 Started: 60 Finished: 0
2026-08-14 22:15:00,002 INFO o.a.j.r.Summariser: summary =  16185 in 00:01:11 =  228.9/s Avg:     1 Min:     0 Max:    30 Err:     0 (0.00%)
2026-08-14 22:15:19,343 INFO o.a.j.t.JMeterThread: Thread started: TG - Stress step 2 (+60 VU) 2-1
2026-08-14 22:15:19,848 INFO o.a.j.t.JMeterThread: Thread started: TG - Stress step 2 (+60 VU) 2-2
2026-08-14 22:15:20,354 INFO o.a.j.t.JMeterThread: Thread started: TG - Stress step 2 (+60 VU) 2-3
2026-08-14 22:15:20,850 INFO o.a.j.t.JMeterThread: Thread started: TG - Stress step 2 (+60 VU) 2-4
2026-08-14 22:15:21,351 INFO o.a.j.t.JMeterThread: Thread started: TG - Stress step 2 (+60 VU) 2-5
2026-08-14 22:15:21,852 INFO o.a.j.t.JMeterThread: Thread started: TG - Stress step 2 (+60 VU) 2-6
2026-08-14 22:15:22,347 INFO o.a.j.t.JMeterThread: Thread started: TG - Stress step 2 (+60 VU) 2-7
2026-08-14 22:15:22,845 INFO o.a.j.t.JMeterThread: Thread started: TG - Stress step 2 (+60 VU) 2-8
2026-08-14 22:15:23,348 INFO o.a.j.t.JMeterThread: Thread started: TG - Stress step 2 (+60 VU) 2-9
2026-08-14 22:15:23,852 INFO o.a.j.t.JMeterThread: Thread started: TG - Stress step 2 (+60 VU) 2-10
2026-08-14 22:15:24,350 INFO o.a.j.t.JMeterThread: Thread started: TG - Stress step 2 (+60 VU) 2-11
2026-08-14 22:15:24,854 INFO o.a.j.t.JMeterThread: Thread started: TG - Stress step 2 (+60 VU) 2-12
2026-08-14 22:15:25,350 INFO o.a.j.t.JMeterThread: Thread started: TG - Stress step 2 (+60 VU) 2-13
2026-08-14 22:15:25,849 INFO o.a.j.t.JMeterThread: Thread started: TG - Stress step 2 (+60 VU) 2-14
2026-08-14 22:15:26,350 INFO o.a.j.t.JMeterThread: Thread started: TG - Stress step 2 (+60 VU) 2-15
2026-08-14 22:15:26,853 INFO o.a.j.t.JMeterThread: Thread started: TG - Stress step 2 (+60 VU) 2-16
2026-08-14 22:15:27,347 INFO o.a.j.t.JMeterThread: Thread started: TG - Stress step 2 (+60 VU) 2-17
2026-08-14 22:15:27,845 INFO o.a.j.t.JMeterThread: Thread started: TG - Stress step 2 (+60 VU) 2-18
2026-08-14 22:15:28,346 INFO o.a.j.t.JMeterThread: Thread started: TG - Stress step 2 (+60 VU) 2-19
2026-08-14 22:15:28,851 INFO o.a.j.t.JMeterThread: Thread started: TG - Stress step 2 (+60 VU) 2-20
2026-08-14 22:15:29,353 INFO o.a.j.t.JMeterThread: Thread started: TG - Stress step 2 (+60 VU) 2-21
2026-08-14 22:15:29,843 INFO o.a.j.t.JMeterThread: Thread started: TG - Stress step 2 (+60 VU) 2-22
2026-08-14 22:15:30,002 INFO o.a.j.r.Summariser: summary +   9260 in 00:00:30 =  308.7/s Avg:     1 Min:     0 Max:    14 Err:     0 (0.00%) Active: 82 Started: 82 Finished: 0
2026-08-14 22:15:30,003 INFO o.a.j.r.Summariser: summary =  25445 in 00:01:41 =  252.7/s Avg:     1 Min:     0 Max:    30 Err:     0 (0.00%)
2026-08-14 22:15:30,356 INFO o.a.j.t.JMeterThread: Thread started: TG - Stress step 2 (+60 VU) 2-23
2026-08-14 22:15:30,850 INFO o.a.j.t.JMeterThread: Thread started: TG - Stress step 2 (+60 VU) 2-24
2026-08-14 22:15:31,351 INFO o.a.j.t.JMeterThread: Thread started: TG - Stress step 2 (+60 VU) 2-25
2026-08-14 22:15:31,849 INFO o.a.j.t.JMeterThread: Thread started: TG - Stress step 2 (+60 VU) 2-26
2026-08-14 22:15:32,350 INFO o.a.j.t.JMeterThread: Thread started: TG - Stress step 2 (+60 VU) 2-27
2026-08-14 22:15:32,850 INFO o.a.j.t.JMeterThread: Thread started: TG - Stress step 2 (+60 VU) 2-28
2026-08-14 22:15:33,350 INFO o.a.j.t.JMeterThread: Thread started: TG - Stress step 2 (+60 VU) 2-29
2026-08-14 22:15:33,843 INFO o.a.j.t.JMeterThread: Thread started: TG - Stress step 2 (+60 VU) 2-30
2026-08-14 22:15:34,342 INFO o.a.j.t.JMeterThread: Thread started: TG - Stress step 2 (+60 VU) 2-31
2026-08-14 22:15:34,844 INFO o.a.j.t.JMeterThread: Thread started: TG - Stress step 2 (+60 VU) 2-32
2026-08-14 22:15:35,349 INFO o.a.j.t.JMeterThread: Thread started: TG - Stress step 2 (+60 VU) 2-33
2026-08-14 22:15:35,848 INFO o.a.j.t.JMeterThread: Thread started: TG - Stress step 2 (+60 VU) 2-34
2026-08-14 22:15:36,348 INFO o.a.j.t.JMeterThread: Thread started: TG - Stress step 2 (+60 VU) 2-35
2026-08-14 22:15:36,845 INFO o.a.j.t.JMeterThread: Thread started: TG - Stress step 2 (+60 VU) 2-36
2026-08-14 22:15:37,344 INFO o.a.j.t.JMeterThread: Thread started: TG - Stress step 2 (+60 VU) 2-37
2026-08-14 22:15:37,850 INFO o.a.j.t.JMeterThread: Thread started: TG - Stress step 2 (+60 VU) 2-38
2026-08-14 22:15:38,355 INFO o.a.j.t.JMeterThread: Thread started: TG - Stress step 2 (+60 VU) 2-39
2026-08-14 22:15:38,852 INFO o.a.j.t.JMeterThread: Thread started: TG - Stress step 2 (+60 VU) 2-40
2026-08-14 22:15:39,348 INFO o.a.j.t.JMeterThread: Thread started: TG - Stress step 2 (+60 VU) 2-41
2026-08-14 22:15:39,848 INFO o.a.j.t.JMeterThread: Thread started: TG - Stress step 2 (+60 VU) 2-42
2026-08-14 22:15:40,352 INFO o.a.j.t.JMeterThread: Thread started: TG - Stress step 2 (+60 VU) 2-43
2026-08-14 22:15:40,849 INFO o.a.j.t.JMeterThread: Thread started: TG - Stress step 2 (+60 VU) 2-44
2026-08-14 22:15:41,357 INFO o.a.j.t.JMeterThread: Thread started: TG - Stress step 2 (+60 VU) 2-45
2026-08-14 22:15:41,856 INFO o.a.j.t.JMeterThread: Thread started: TG - Stress step 2 (+60 VU) 2-46
2026-08-14 22:15:42,348 INFO o.a.j.t.JMeterThread: Thread started: TG - Stress step 2 (+60 VU) 2-47
2026-08-14 22:15:42,848 INFO o.a.j.t.JMeterThread: Thread started: TG - Stress step 2 (+60 VU) 2-48
2026-08-14 22:15:43,356 INFO o.a.j.t.JMeterThread: Thread started: TG - Stress step 2 (+60 VU) 2-49
2026-08-14 22:15:43,854 INFO o.a.j.t.JMeterThread: Thread started: TG - Stress step 2 (+60 VU) 2-50
2026-08-14 22:15:44,350 INFO o.a.j.t.JMeterThread: Thread started: TG - Stress step 2 (+60 VU) 2-51
2026-08-14 22:15:44,852 INFO o.a.j.t.JMeterThread: Thread started: TG - Stress step 2 (+60 VU) 2-52
2026-08-14 22:15:45,355 INFO o.a.j.t.JMeterThread: Thread started: TG - Stress step 2 (+60 VU) 2-53
2026-08-14 22:15:45,846 INFO o.a.j.t.JMeterThread: Thread started: TG - Stress step 2 (+60 VU) 2-54
2026-08-14 22:15:46,353 INFO o.a.j.t.JMeterThread: Thread started: TG - Stress step 2 (+60 VU) 2-55
2026-08-14 22:15:46,847 INFO o.a.j.t.JMeterThread: Thread started: TG - Stress step 2 (+60 VU) 2-56
2026-08-14 22:15:47,352 INFO o.a.j.t.JMeterThread: Thread started: TG - Stress step 2 (+60 VU) 2-57
2026-08-14 22:15:47,845 INFO o.a.j.t.JMeterThread: Thread started: TG - Stress step 2 (+60 VU) 2-58
2026-08-14 22:15:48,344 INFO o.a.j.t.JMeterThread: Thread started: TG - Stress step 2 (+60 VU) 2-59
2026-08-14 22:15:48,853 INFO o.a.j.t.JMeterThread: Thread started: TG - Stress step 2 (+60 VU) 2-60
2026-08-14 22:16:00,002 INFO o.a.j.r.Summariser: summary +  15652 in 00:00:30 =  521.8/s Avg:     1 Min:     0 Max:    58 Err:     0 (0.00%) Active: 120 Started: 120 Finished: 0
2026-08-14 22:16:00,002 INFO o.a.j.r.Summariser: summary =  41097 in 00:02:11 =  314.5/s Avg:     1 Min:     0 Max:    58 Err:     0 (0.00%)
2026-08-14 22:16:30,001 INFO o.a.j.r.Summariser: summary +  17337 in 00:00:30 =  577.9/s Avg:     1 Min:     0 Max:    64 Err:     0 (0.00%) Active: 120 Started: 120 Finished: 0
2026-08-14 22:16:30,002 INFO o.a.j.r.Summariser: summary =  58434 in 00:02:41 =  363.6/s Avg:     1 Min:     0 Max:    64 Err:     0 (0.00%)
2026-08-14 22:16:49,361 INFO o.a.j.t.JMeterThread: Thread started: TG - Stress step 3 (+60 VU) 3-1
2026-08-14 22:16:49,871 INFO o.a.j.t.JMeterThread: Thread started: TG - Stress step 3 (+60 VU) 3-2
2026-08-14 22:16:50,369 INFO o.a.j.t.JMeterThread: Thread started: TG - Stress step 3 (+60 VU) 3-3
2026-08-14 22:16:50,860 INFO o.a.j.t.JMeterThread: Thread started: TG - Stress step 3 (+60 VU) 3-4
2026-08-14 22:16:51,369 INFO o.a.j.t.JMeterThread: Thread started: TG - Stress step 3 (+60 VU) 3-5
2026-08-14 22:16:51,862 INFO o.a.j.t.JMeterThread: Thread started: TG - Stress step 3 (+60 VU) 3-6
2026-08-14 22:16:52,358 INFO o.a.j.t.JMeterThread: Thread started: TG - Stress step 3 (+60 VU) 3-7
2026-08-14 22:16:52,863 INFO o.a.j.t.JMeterThread: Thread started: TG - Stress step 3 (+60 VU) 3-8
2026-08-14 22:16:53,363 INFO o.a.j.t.JMeterThread: Thread started: TG - Stress step 3 (+60 VU) 3-9
2026-08-14 22:16:53,860 INFO o.a.j.t.JMeterThread: Thread started: TG - Stress step 3 (+60 VU) 3-10
2026-08-14 22:16:54,360 INFO o.a.j.t.JMeterThread: Thread started: TG - Stress step 3 (+60 VU) 3-11
2026-08-14 22:16:54,871 INFO o.a.j.t.JMeterThread: Thread started: TG - Stress step 3 (+60 VU) 3-12
2026-08-14 22:16:55,366 INFO o.a.j.t.JMeterThread: Thread started: TG - Stress step 3 (+60 VU) 3-13
2026-08-14 22:16:55,861 INFO o.a.j.t.JMeterThread: Thread started: TG - Stress step 3 (+60 VU) 3-14
2026-08-14 22:16:56,361 INFO o.a.j.t.JMeterThread: Thread started: TG - Stress step 3 (+60 VU) 3-15
2026-08-14 22:16:56,859 INFO o.a.j.t.JMeterThread: Thread started: TG - Stress step 3 (+60 VU) 3-16
2026-08-14 22:16:57,361 INFO o.a.j.t.JMeterThread: Thread started: TG - Stress step 3 (+60 VU) 3-17
2026-08-14 22:16:57,862 INFO o.a.j.t.JMeterThread: Thread started: TG - Stress step 3 (+60 VU) 3-18
2026-08-14 22:16:58,366 INFO o.a.j.t.JMeterThread: Thread started: TG - Stress step 3 (+60 VU) 3-19
2026-08-14 22:16:58,860 INFO o.a.j.t.JMeterThread: Thread started: TG - Stress step 3 (+60 VU) 3-20
2026-08-14 22:16:59,369 INFO o.a.j.t.JMeterThread: Thread started: TG - Stress step 3 (+60 VU) 3-21
2026-08-14 22:16:59,855 INFO o.a.j.t.JMeterThread: Thread started: TG - Stress step 3 (+60 VU) 3-22
2026-08-14 22:17:00,000 INFO o.a.j.r.Summariser: summary +  18010 in 00:00:30 =  600.4/s Avg:     1 Min:     0 Max:    35 Err:     0 (0.00%) Active: 142 Started: 142 Finished: 0
2026-08-14 22:17:00,000 INFO o.a.j.r.Summariser: summary =  76444 in 00:03:11 =  400.9/s Avg:     1 Min:     0 Max:    64 Err:     0 (0.00%)
2026-08-14 22:17:00,361 INFO o.a.j.t.JMeterThread: Thread started: TG - Stress step 3 (+60 VU) 3-23
2026-08-14 22:17:00,868 INFO o.a.j.t.JMeterThread: Thread started: TG - Stress step 3 (+60 VU) 3-24
2026-08-14 22:17:01,363 INFO o.a.j.t.JMeterThread: Thread started: TG - Stress step 3 (+60 VU) 3-25
2026-08-14 22:17:01,864 INFO o.a.j.t.JMeterThread: Thread started: TG - Stress step 3 (+60 VU) 3-26
2026-08-14 22:17:02,356 INFO o.a.j.t.JMeterThread: Thread started: TG - Stress step 3 (+60 VU) 3-27
2026-08-14 22:17:02,865 INFO o.a.j.t.JMeterThread: Thread started: TG - Stress step 3 (+60 VU) 3-28
2026-08-14 22:17:03,362 INFO o.a.j.t.JMeterThread: Thread started: TG - Stress step 3 (+60 VU) 3-29
2026-08-14 22:17:03,853 INFO o.a.j.t.JMeterThread: Thread started: TG - Stress step 3 (+60 VU) 3-30
2026-08-14 22:17:04,363 INFO o.a.j.t.JMeterThread: Thread started: TG - Stress step 3 (+60 VU) 3-31
2026-08-14 22:17:04,861 INFO o.a.j.t.JMeterThread: Thread started: TG - Stress step 3 (+60 VU) 3-32
2026-08-14 22:17:05,361 INFO o.a.j.t.JMeterThread: Thread started: TG - Stress step 3 (+60 VU) 3-33
2026-08-14 22:17:05,857 INFO o.a.j.t.JMeterThread: Thread started: TG - Stress step 3 (+60 VU) 3-34
2026-08-14 22:17:06,365 INFO o.a.j.t.JMeterThread: Thread started: TG - Stress step 3 (+60 VU) 3-35
2026-08-14 22:17:06,855 INFO o.a.j.t.JMeterThread: Thread started: TG - Stress step 3 (+60 VU) 3-36
2026-08-14 22:17:07,357 INFO o.a.j.t.JMeterThread: Thread started: TG - Stress step 3 (+60 VU) 3-37
2026-08-14 22:17:07,865 INFO o.a.j.t.JMeterThread: Thread started: TG - Stress step 3 (+60 VU) 3-38
2026-08-14 22:17:08,365 INFO o.a.j.t.JMeterThread: Thread started: TG - Stress step 3 (+60 VU) 3-39
2026-08-14 22:17:08,865 INFO o.a.j.t.JMeterThread: Thread started: TG - Stress step 3 (+60 VU) 3-40
2026-08-14 22:17:09,369 INFO o.a.j.t.JMeterThread: Thread started: TG - Stress step 3 (+60 VU) 3-41
2026-08-14 22:17:09,867 INFO o.a.j.t.JMeterThread: Thread started: TG - Stress step 3 (+60 VU) 3-42
2026-08-14 22:17:10,357 INFO o.a.j.t.JMeterThread: Thread started: TG - Stress step 3 (+60 VU) 3-43
2026-08-14 22:17:10,864 INFO o.a.j.t.JMeterThread: Thread started: TG - Stress step 3 (+60 VU) 3-44
2026-08-14 22:17:11,361 INFO o.a.j.t.JMeterThread: Thread started: TG - Stress step 3 (+60 VU) 3-45
2026-08-14 22:17:11,869 INFO o.a.j.t.JMeterThread: Thread started: TG - Stress step 3 (+60 VU) 3-46
2026-08-14 22:17:12,369 INFO o.a.j.t.JMeterThread: Thread started: TG - Stress step 3 (+60 VU) 3-47
2026-08-14 22:17:12,858 INFO o.a.j.t.JMeterThread: Thread started: TG - Stress step 3 (+60 VU) 3-48
2026-08-14 22:17:13,364 INFO o.a.j.t.JMeterThread: Thread started: TG - Stress step 3 (+60 VU) 3-49
2026-08-14 22:17:13,868 INFO o.a.j.t.JMeterThread: Thread started: TG - Stress step 3 (+60 VU) 3-50
2026-08-14 22:17:14,361 INFO o.a.j.t.JMeterThread: Thread started: TG - Stress step 3 (+60 VU) 3-51
2026-08-14 22:17:14,862 INFO o.a.j.t.JMeterThread: Thread started: TG - Stress step 3 (+60 VU) 3-52
2026-08-14 22:17:15,364 INFO o.a.j.t.JMeterThread: Thread started: TG - Stress step 3 (+60 VU) 3-53
2026-08-14 22:17:15,863 INFO o.a.j.t.JMeterThread: Thread started: TG - Stress step 3 (+60 VU) 3-54
2026-08-14 22:17:16,356 INFO o.a.j.t.JMeterThread: Thread started: TG - Stress step 3 (+60 VU) 3-55
2026-08-14 22:17:16,863 INFO o.a.j.t.JMeterThread: Thread started: TG - Stress step 3 (+60 VU) 3-56
2026-08-14 22:17:17,355 INFO o.a.j.t.JMeterThread: Thread started: TG - Stress step 3 (+60 VU) 3-57
2026-08-14 22:17:17,870 INFO o.a.j.t.JMeterThread: Thread started: TG - Stress step 3 (+60 VU) 3-58
2026-08-14 22:17:18,355 INFO o.a.j.t.JMeterThread: Thread started: TG - Stress step 3 (+60 VU) 3-59
2026-08-14 22:17:18,856 INFO o.a.j.t.JMeterThread: Thread started: TG - Stress step 3 (+60 VU) 3-60
2026-08-14 22:17:30,002 INFO o.a.j.r.Summariser: summary +  24401 in 00:00:30 =  813.3/s Avg:     1 Min:     0 Max:    32 Err:     0 (0.00%) Active: 180 Started: 180 Finished: 0
2026-08-14 22:17:30,002 INFO o.a.j.r.Summariser: summary = 100845 in 00:03:41 =  456.9/s Avg:     1 Min:     0 Max:    64 Err:     0 (0.00%)
2026-08-14 22:18:00,000 INFO o.a.j.r.Summariser: summary +  26194 in 00:00:30 =  873.2/s Avg:     1 Min:     0 Max:    12 Err:     0 (0.00%) Active: 180 Started: 180 Finished: 0
2026-08-14 22:18:00,000 INFO o.a.j.r.Summariser: summary = 127039 in 00:04:11 =  506.8/s Avg:     1 Min:     0 Max:    64 Err:     0 (0.00%)
2026-08-14 22:18:19,377 INFO o.a.j.t.JMeterThread: Thread started: TG - Stress step 4 (+60 VU) 4-1
2026-08-14 22:18:19,883 INFO o.a.j.t.JMeterThread: Thread started: TG - Stress step 4 (+60 VU) 4-2
2026-08-14 22:18:20,379 INFO o.a.j.t.JMeterThread: Thread started: TG - Stress step 4 (+60 VU) 4-3
2026-08-14 22:18:20,883 INFO o.a.j.t.JMeterThread: Thread started: TG - Stress step 4 (+60 VU) 4-4
2026-08-14 22:18:21,382 INFO o.a.j.t.JMeterThread: Thread started: TG - Stress step 4 (+60 VU) 4-5
2026-08-14 22:18:21,878 INFO o.a.j.t.JMeterThread: Thread started: TG - Stress step 4 (+60 VU) 4-6
2026-08-14 22:18:22,377 INFO o.a.j.t.JMeterThread: Thread started: TG - Stress step 4 (+60 VU) 4-7
2026-08-14 22:18:22,879 INFO o.a.j.t.JMeterThread: Thread started: TG - Stress step 4 (+60 VU) 4-8
2026-08-14 22:18:23,380 INFO o.a.j.t.JMeterThread: Thread started: TG - Stress step 4 (+60 VU) 4-9
2026-08-14 22:18:23,878 INFO o.a.j.t.JMeterThread: Thread started: TG - Stress step 4 (+60 VU) 4-10
2026-08-14 22:18:24,378 INFO o.a.j.t.JMeterThread: Thread started: TG - Stress step 4 (+60 VU) 4-11
2026-08-14 22:18:24,875 INFO o.a.j.t.JMeterThread: Thread started: TG - Stress step 4 (+60 VU) 4-12
2026-08-14 22:18:25,385 INFO o.a.j.t.JMeterThread: Thread started: TG - Stress step 4 (+60 VU) 4-13
2026-08-14 22:18:25,875 INFO o.a.j.t.JMeterThread: Thread started: TG - Stress step 4 (+60 VU) 4-14
2026-08-14 22:18:26,385 INFO o.a.j.t.JMeterThread: Thread started: TG - Stress step 4 (+60 VU) 4-15
2026-08-14 22:18:26,882 INFO o.a.j.t.JMeterThread: Thread started: TG - Stress step 4 (+60 VU) 4-16
2026-08-14 22:18:27,382 INFO o.a.j.t.JMeterThread: Thread started: TG - Stress step 4 (+60 VU) 4-17
2026-08-14 22:18:27,878 INFO o.a.j.t.JMeterThread: Thread started: TG - Stress step 4 (+60 VU) 4-18
2026-08-14 22:18:28,375 INFO o.a.j.t.JMeterThread: Thread started: TG - Stress step 4 (+60 VU) 4-19
2026-08-14 22:18:28,876 INFO o.a.j.t.JMeterThread: Thread started: TG - Stress step 4 (+60 VU) 4-20
2026-08-14 22:18:29,379 INFO o.a.j.t.JMeterThread: Thread started: TG - Stress step 4 (+60 VU) 4-21
2026-08-14 22:18:29,874 INFO o.a.j.t.JMeterThread: Thread started: TG - Stress step 4 (+60 VU) 4-22
2026-08-14 22:18:30,000 INFO o.a.j.r.Summariser: summary +  26823 in 00:00:30 =  894.1/s Avg:     1 Min:     0 Max:    21 Err:     0 (0.00%) Active: 202 Started: 202 Finished: 0
2026-08-14 22:18:30,000 INFO o.a.j.r.Summariser: summary = 153862 in 00:04:41 =  548.2/s Avg:     1 Min:     0 Max:    64 Err:     0 (0.00%)
2026-08-14 22:18:30,375 INFO o.a.j.t.JMeterThread: Thread started: TG - Stress step 4 (+60 VU) 4-23
2026-08-14 22:18:30,882 INFO o.a.j.t.JMeterThread: Thread started: TG - Stress step 4 (+60 VU) 4-24
2026-08-14 22:18:31,381 INFO o.a.j.t.JMeterThread: Thread started: TG - Stress step 4 (+60 VU) 4-25
2026-08-14 22:18:31,874 INFO o.a.j.t.JMeterThread: Thread started: TG - Stress step 4 (+60 VU) 4-26
2026-08-14 22:18:32,378 INFO o.a.j.t.JMeterThread: Thread started: TG - Stress step 4 (+60 VU) 4-27
2026-08-14 22:18:32,884 INFO o.a.j.t.JMeterThread: Thread started: TG - Stress step 4 (+60 VU) 4-28
2026-08-14 22:18:33,379 INFO o.a.j.t.JMeterThread: Thread started: TG - Stress step 4 (+60 VU) 4-29
2026-08-14 22:18:33,873 INFO o.a.j.t.JMeterThread: Thread started: TG - Stress step 4 (+60 VU) 4-30
2026-08-14 22:18:34,376 INFO o.a.j.t.JMeterThread: Thread started: TG - Stress step 4 (+60 VU) 4-31
2026-08-14 22:18:34,880 INFO o.a.j.t.JMeterThread: Thread started: TG - Stress step 4 (+60 VU) 4-32
2026-08-14 22:18:35,376 INFO o.a.j.t.JMeterThread: Thread started: TG - Stress step 4 (+60 VU) 4-33
2026-08-14 22:18:35,870 INFO o.a.j.t.JMeterThread: Thread started: TG - Stress step 4 (+60 VU) 4-34
2026-08-14 22:18:36,372 INFO o.a.j.t.JMeterThread: Thread started: TG - Stress step 4 (+60 VU) 4-35
2026-08-14 22:18:36,872 INFO o.a.j.t.JMeterThread: Thread started: TG - Stress step 4 (+60 VU) 4-36
2026-08-14 22:18:37,374 INFO o.a.j.t.JMeterThread: Thread started: TG - Stress step 4 (+60 VU) 4-37
2026-08-14 22:18:37,879 INFO o.a.j.t.JMeterThread: Thread started: TG - Stress step 4 (+60 VU) 4-38
2026-08-14 22:18:38,375 INFO o.a.j.t.JMeterThread: Thread started: TG - Stress step 4 (+60 VU) 4-39
2026-08-14 22:18:38,871 INFO o.a.j.t.JMeterThread: Thread started: TG - Stress step 4 (+60 VU) 4-40
2026-08-14 22:18:39,369 INFO o.a.j.t.JMeterThread: Thread started: TG - Stress step 4 (+60 VU) 4-41
2026-08-14 22:18:39,878 INFO o.a.j.t.JMeterThread: Thread started: TG - Stress step 4 (+60 VU) 4-42
2026-08-14 22:18:40,374 INFO o.a.j.t.JMeterThread: Thread started: TG - Stress step 4 (+60 VU) 4-43
2026-08-14 22:18:40,877 INFO o.a.j.t.JMeterThread: Thread started: TG - Stress step 4 (+60 VU) 4-44
2026-08-14 22:18:41,382 INFO o.a.j.t.JMeterThread: Thread started: TG - Stress step 4 (+60 VU) 4-45
2026-08-14 22:18:41,886 INFO o.a.j.t.JMeterThread: Thread started: TG - Stress step 4 (+60 VU) 4-46
2026-08-14 22:18:42,378 INFO o.a.j.t.JMeterThread: Thread started: TG - Stress step 4 (+60 VU) 4-47
2026-08-14 22:18:42,874 INFO o.a.j.t.JMeterThread: Thread started: TG - Stress step 4 (+60 VU) 4-48
2026-08-14 22:18:43,379 INFO o.a.j.t.JMeterThread: Thread started: TG - Stress step 4 (+60 VU) 4-49
2026-08-14 22:18:43,879 INFO o.a.j.t.JMeterThread: Thread started: TG - Stress step 4 (+60 VU) 4-50
2026-08-14 22:18:44,382 INFO o.a.j.t.JMeterThread: Thread started: TG - Stress step 4 (+60 VU) 4-51
2026-08-14 22:18:44,876 INFO o.a.j.t.JMeterThread: Thread started: TG - Stress step 4 (+60 VU) 4-52
2026-08-14 22:18:45,374 INFO o.a.j.t.JMeterThread: Thread started: TG - Stress step 4 (+60 VU) 4-53
2026-08-14 22:18:45,871 INFO o.a.j.t.JMeterThread: Thread started: TG - Stress step 4 (+60 VU) 4-54
2026-08-14 22:18:46,372 INFO o.a.j.t.JMeterThread: Thread started: TG - Stress step 4 (+60 VU) 4-55
2026-08-14 22:18:46,878 INFO o.a.j.t.JMeterThread: Thread started: TG - Stress step 4 (+60 VU) 4-56
2026-08-14 22:18:47,376 INFO o.a.j.t.JMeterThread: Thread started: TG - Stress step 4 (+60 VU) 4-57
2026-08-14 22:18:47,876 INFO o.a.j.t.JMeterThread: Thread started: TG - Stress step 4 (+60 VU) 4-58
2026-08-14 22:18:48,376 INFO o.a.j.t.JMeterThread: Thread started: TG - Stress step 4 (+60 VU) 4-59
2026-08-14 22:18:48,879 INFO o.a.j.t.JMeterThread: Thread started: TG - Stress step 4 (+60 VU) 4-60
2026-08-14 22:19:00,001 INFO o.a.j.r.Summariser: summary +  33270 in 00:00:30 = 1109.0/s Avg:     1 Min:     0 Max:    58 Err:     0 (0.00%) Active: 240 Started: 240 Finished: 0
2026-08-14 22:19:00,001 INFO o.a.j.r.Summariser: summary = 187132 in 00:05:11 =  602.3/s Avg:     1 Min:     0 Max:    64 Err:     0 (0.00%)
2026-08-14 22:19:30,000 INFO o.a.j.r.Summariser: summary +  34933 in 00:00:30 = 1164.5/s Avg:     1 Min:     0 Max:    78 Err:     0 (0.00%) Active: 240 Started: 240 Finished: 0
2026-08-14 22:19:30,000 INFO o.a.j.r.Summariser: summary = 222065 in 00:05:41 =  651.8/s Avg:     1 Min:     0 Max:    78 Err:     0 (0.00%)
2026-08-14 22:19:49,383 INFO o.a.j.t.JMeterThread: Thread started: TG - Stress step 5 (+60 VU) 5-1
2026-08-14 22:19:49,894 INFO o.a.j.t.JMeterThread: Thread started: TG - Stress step 5 (+60 VU) 5-2
2026-08-14 22:19:50,389 INFO o.a.j.t.JMeterThread: Thread started: TG - Stress step 5 (+60 VU) 5-3
2026-08-14 22:19:50,892 INFO o.a.j.t.JMeterThread: Thread started: TG - Stress step 5 (+60 VU) 5-4
2026-08-14 22:19:51,393 INFO o.a.j.t.JMeterThread: Thread started: TG - Stress step 5 (+60 VU) 5-5
2026-08-14 22:19:51,896 INFO o.a.j.t.JMeterThread: Thread started: TG - Stress step 5 (+60 VU) 5-6
2026-08-14 22:19:52,386 INFO o.a.j.t.JMeterThread: Thread started: TG - Stress step 5 (+60 VU) 5-7
2026-08-14 22:19:52,893 INFO o.a.j.t.JMeterThread: Thread started: TG - Stress step 5 (+60 VU) 5-8
2026-08-14 22:19:53,396 INFO o.a.j.t.JMeterThread: Thread started: TG - Stress step 5 (+60 VU) 5-9
2026-08-14 22:19:53,887 INFO o.a.j.t.JMeterThread: Thread started: TG - Stress step 5 (+60 VU) 5-10
2026-08-14 22:19:54,388 INFO o.a.j.t.JMeterThread: Thread started: TG - Stress step 5 (+60 VU) 5-11
2026-08-14 22:19:54,894 INFO o.a.j.t.JMeterThread: Thread started: TG - Stress step 5 (+60 VU) 5-12
2026-08-14 22:19:55,383 INFO o.a.j.t.JMeterThread: Thread started: TG - Stress step 5 (+60 VU) 5-13
2026-08-14 22:19:55,882 INFO o.a.j.t.JMeterThread: Thread started: TG - Stress step 5 (+60 VU) 5-14
2026-08-14 22:19:56,389 INFO o.a.j.t.JMeterThread: Thread started: TG - Stress step 5 (+60 VU) 5-15
2026-08-14 22:19:56,891 INFO o.a.j.t.JMeterThread: Thread started: TG - Stress step 5 (+60 VU) 5-16
2026-08-14 22:19:57,392 INFO o.a.j.t.JMeterThread: Thread started: TG - Stress step 5 (+60 VU) 5-17
2026-08-14 22:19:57,885 INFO o.a.j.t.JMeterThread: Thread started: TG - Stress step 5 (+60 VU) 5-18
2026-08-14 22:19:58,388 INFO o.a.j.t.JMeterThread: Thread started: TG - Stress step 5 (+60 VU) 5-19
2026-08-14 22:19:58,889 INFO o.a.j.t.JMeterThread: Thread started: TG - Stress step 5 (+60 VU) 5-20
2026-08-14 22:19:59,387 INFO o.a.j.t.JMeterThread: Thread started: TG - Stress step 5 (+60 VU) 5-21
2026-08-14 22:19:59,899 INFO o.a.j.t.JMeterThread: Thread started: TG - Stress step 5 (+60 VU) 5-22
2026-08-14 22:20:00,000 INFO o.a.j.r.Summariser: summary +  35477 in 00:00:30 = 1182.6/s Avg:     1 Min:     0 Max:    84 Err:     0 (0.00%) Active: 262 Started: 262 Finished: 0
2026-08-14 22:20:00,001 INFO o.a.j.r.Summariser: summary = 257542 in 00:06:11 =  694.8/s Avg:     1 Min:     0 Max:    84 Err:     0 (0.00%)
2026-08-14 22:20:00,397 INFO o.a.j.t.JMeterThread: Thread started: TG - Stress step 5 (+60 VU) 5-23
2026-08-14 22:20:00,891 INFO o.a.j.t.JMeterThread: Thread started: TG - Stress step 5 (+60 VU) 5-24
2026-08-14 22:20:01,389 INFO o.a.j.t.JMeterThread: Thread started: TG - Stress step 5 (+60 VU) 5-25
2026-08-14 22:20:01,885 INFO o.a.j.t.JMeterThread: Thread started: TG - Stress step 5 (+60 VU) 5-26
2026-08-14 22:20:02,393 INFO o.a.j.t.JMeterThread: Thread started: TG - Stress step 5 (+60 VU) 5-27
2026-08-14 22:20:02,896 INFO o.a.j.t.JMeterThread: Thread started: TG - Stress step 5 (+60 VU) 5-28
2026-08-14 22:20:03,389 INFO o.a.j.t.JMeterThread: Thread started: TG - Stress step 5 (+60 VU) 5-29
2026-08-14 22:20:03,890 INFO o.a.j.t.JMeterThread: Thread started: TG - Stress step 5 (+60 VU) 5-30
2026-08-14 22:20:04,392 INFO o.a.j.t.JMeterThread: Thread started: TG - Stress step 5 (+60 VU) 5-31
2026-08-14 22:20:04,887 INFO o.a.j.t.JMeterThread: Thread started: TG - Stress step 5 (+60 VU) 5-32
2026-08-14 22:20:05,388 INFO o.a.j.t.JMeterThread: Thread started: TG - Stress step 5 (+60 VU) 5-33
2026-08-14 22:20:05,892 INFO o.a.j.t.JMeterThread: Thread started: TG - Stress step 5 (+60 VU) 5-34
2026-08-14 22:20:06,388 INFO o.a.j.t.JMeterThread: Thread started: TG - Stress step 5 (+60 VU) 5-35
2026-08-14 22:20:06,889 INFO o.a.j.t.JMeterThread: Thread started: TG - Stress step 5 (+60 VU) 5-36
2026-08-14 22:20:07,388 INFO o.a.j.t.JMeterThread: Thread started: TG - Stress step 5 (+60 VU) 5-37
2026-08-14 22:20:07,887 INFO o.a.j.t.JMeterThread: Thread started: TG - Stress step 5 (+60 VU) 5-38
2026-08-14 22:20:08,388 INFO o.a.j.t.JMeterThread: Thread started: TG - Stress step 5 (+60 VU) 5-39
2026-08-14 22:20:08,896 INFO o.a.j.t.JMeterThread: Thread started: TG - Stress step 5 (+60 VU) 5-40
2026-08-14 22:20:09,392 INFO o.a.j.t.JMeterThread: Thread started: TG - Stress step 5 (+60 VU) 5-41
2026-08-14 22:20:09,891 INFO o.a.j.t.JMeterThread: Thread started: TG - Stress step 5 (+60 VU) 5-42
2026-08-14 22:20:10,393 INFO o.a.j.t.JMeterThread: Thread started: TG - Stress step 5 (+60 VU) 5-43
2026-08-14 22:20:10,887 INFO o.a.j.t.JMeterThread: Thread started: TG - Stress step 5 (+60 VU) 5-44
2026-08-14 22:20:11,390 INFO o.a.j.t.JMeterThread: Thread started: TG - Stress step 5 (+60 VU) 5-45
2026-08-14 22:20:11,896 INFO o.a.j.t.JMeterThread: Thread started: TG - Stress step 5 (+60 VU) 5-46
2026-08-14 22:20:12,392 INFO o.a.j.t.JMeterThread: Thread started: TG - Stress step 5 (+60 VU) 5-47
2026-08-14 22:20:12,893 INFO o.a.j.t.JMeterThread: Thread started: TG - Stress step 5 (+60 VU) 5-48
2026-08-14 22:20:13,393 INFO o.a.j.t.JMeterThread: Thread started: TG - Stress step 5 (+60 VU) 5-49
2026-08-14 22:20:13,893 INFO o.a.j.t.JMeterThread: Thread started: TG - Stress step 5 (+60 VU) 5-50
2026-08-14 22:20:14,383 INFO o.a.j.t.JMeterThread: Thread started: TG - Stress step 5 (+60 VU) 5-51
2026-08-14 22:20:14,884 INFO o.a.j.t.JMeterThread: Thread started: TG - Stress step 5 (+60 VU) 5-52
2026-08-14 22:20:15,390 INFO o.a.j.t.JMeterThread: Thread started: TG - Stress step 5 (+60 VU) 5-53
2026-08-14 22:20:15,892 INFO o.a.j.t.JMeterThread: Thread started: TG - Stress step 5 (+60 VU) 5-54
2026-08-14 22:20:16,390 INFO o.a.j.t.JMeterThread: Thread started: TG - Stress step 5 (+60 VU) 5-55
2026-08-14 22:20:16,887 INFO o.a.j.t.JMeterThread: Thread started: TG - Stress step 5 (+60 VU) 5-56
2026-08-14 22:20:17,393 INFO o.a.j.t.JMeterThread: Thread started: TG - Stress step 5 (+60 VU) 5-57
2026-08-14 22:20:17,884 INFO o.a.j.t.JMeterThread: Thread started: TG - Stress step 5 (+60 VU) 5-58
2026-08-14 22:20:18,383 INFO o.a.j.t.JMeterThread: Thread started: TG - Stress step 5 (+60 VU) 5-59
2026-08-14 22:20:18,885 INFO o.a.j.t.JMeterThread: Thread started: TG - Stress step 5 (+60 VU) 5-60
2026-08-14 22:20:30,001 INFO o.a.j.r.Summariser: summary +  41950 in 00:00:30 = 1398.3/s Avg:     1 Min:     0 Max:    87 Err:     0 (0.00%) Active: 300 Started: 300 Finished: 0
2026-08-14 22:20:30,002 INFO o.a.j.r.Summariser: summary = 299492 in 00:06:41 =  747.4/s Avg:     1 Min:     0 Max:    87 Err:     0 (0.00%)
2026-08-14 22:21:00,001 INFO o.a.j.r.Summariser: summary +  43643 in 00:00:30 = 1454.8/s Avg:     1 Min:     0 Max:   108 Err:     0 (0.00%) Active: 300 Started: 300 Finished: 0
2026-08-14 22:21:00,002 INFO o.a.j.r.Summariser: summary = 343135 in 00:07:11 =  796.7/s Avg:     1 Min:     0 Max:   108 Err:     0 (0.00%)
2026-08-14 22:21:30,001 INFO o.a.j.r.Summariser: summary +  43807 in 00:00:30 = 1460.2/s Avg:     1 Min:     0 Max:    36 Err:     0 (0.00%) Active: 300 Started: 300 Finished: 0
2026-08-14 22:21:30,001 INFO o.a.j.r.Summariser: summary = 386942 in 00:07:41 =  839.9/s Avg:     1 Min:     0 Max:   108 Err:     0 (0.00%)
2026-08-14 22:22:00,001 INFO o.a.j.r.Summariser: summary +  43758 in 00:00:30 = 1458.6/s Avg:     1 Min:     0 Max:    61 Err:     0 (0.00%) Active: 300 Started: 300 Finished: 0
2026-08-14 22:22:00,002 INFO o.a.j.r.Summariser: summary = 430700 in 00:08:11 =  877.7/s Avg:     1 Min:     0 Max:   108 Err:     0 (0.00%)
2026-08-14 22:22:30,000 INFO o.a.j.r.Summariser: summary +  43724 in 00:00:30 = 1457.5/s Avg:     1 Min:     0 Max:   103 Err:     0 (0.00%) Active: 300 Started: 300 Finished: 0
2026-08-14 22:22:30,000 INFO o.a.j.r.Summariser: summary = 474424 in 00:08:41 =  911.1/s Avg:     1 Min:     0 Max:   108 Err:     0 (0.00%)
2026-08-14 22:23:00,000 INFO o.a.j.r.Summariser: summary +  43766 in 00:00:30 = 1458.9/s Avg:     1 Min:     0 Max:    38 Err:     0 (0.00%) Active: 300 Started: 300 Finished: 0
2026-08-14 22:23:00,001 INFO o.a.j.r.Summariser: summary = 518190 in 00:09:11 =  941.0/s Avg:     1 Min:     0 Max:   108 Err:     0 (0.00%)
2026-08-14 22:23:30,001 INFO o.a.j.r.Summariser: summary +  43748 in 00:00:30 = 1458.2/s Avg:     1 Min:     0 Max:    27 Err:     0 (0.00%) Active: 300 Started: 300 Finished: 0
2026-08-14 22:23:30,001 INFO o.a.j.r.Summariser: summary = 561938 in 00:09:41 =  967.7/s Avg:     1 Min:     0 Max:   108 Err:     0 (0.00%)
2026-08-14 22:23:49,052 INFO o.a.j.t.JMeterThread: Thread finished: TG - Stress step 1 (60 VU) 1-36
2026-08-14 22:23:49,062 INFO o.a.j.t.JMeterThread: Thread finished: TG - Stress step 1 (60 VU) 1-13
2026-08-14 22:23:49,070 INFO o.a.j.t.JMeterThread: Thread finished: TG - Stress step 2 (+60 VU) 2-17
2026-08-14 22:23:49,077 INFO o.a.j.t.JMeterThread: Thread finished: TG - Stress step 1 (60 VU) 1-10
2026-08-14 22:23:49,078 INFO o.a.j.t.JMeterThread: Thread finished: TG - Stress step 1 (60 VU) 1-8
2026-08-14 22:23:49,078 INFO o.a.j.t.JMeterThread: Thread finished: TG - Stress step 3 (+60 VU) 3-51
2026-08-14 22:23:49,084 INFO o.a.j.t.JMeterThread: Thread finished: TG - Stress step 1 (60 VU) 1-51
2026-08-14 22:23:49,091 INFO o.a.j.t.JMeterThread: Thread finished: TG - Stress step 1 (60 VU) 1-9
2026-08-14 22:23:49,092 INFO o.a.j.t.JMeterThread: Thread finished: TG - Stress step 1 (60 VU) 1-39
2026-08-14 22:23:49,094 INFO o.a.j.t.JMeterThread: Thread finished: TG - Stress step 2 (+60 VU) 2-41
2026-08-14 22:23:49,094 INFO o.a.j.t.JMeterThread: Thread finished: TG - Stress step 2 (+60 VU) 2-54
2026-08-14 22:23:49,095 INFO o.a.j.t.JMeterThread: Thread finished: TG - Stress step 1 (60 VU) 1-22
2026-08-14 22:23:49,104 INFO o.a.j.t.JMeterThread: Thread finished: TG - Stress step 1 (60 VU) 1-43
2026-08-14 22:23:49,105 INFO o.a.j.t.JMeterThread: Thread finished: TG - Stress step 1 (60 VU) 1-17
2026-08-14 22:23:49,105 INFO o.a.j.t.JMeterThread: Thread finished: TG - Stress step 4 (+60 VU) 4-19
2026-08-14 22:23:49,106 INFO o.a.j.t.JMeterThread: Thread finished: TG - Stress step 1 (60 VU) 1-21
2026-08-14 22:23:49,110 INFO o.a.j.t.JMeterThread: Thread finished: TG - Stress step 1 (60 VU) 1-3
2026-08-14 22:23:49,110 INFO o.a.j.t.JMeterThread: Thread finished: TG - Stress step 4 (+60 VU) 4-47
2026-08-14 22:23:49,113 INFO o.a.j.t.JMeterThread: Thread finished: TG - Stress step 1 (60 VU) 1-26
2026-08-14 22:23:49,114 INFO o.a.j.t.JMeterThread: Thread finished: TG - Stress step 2 (+60 VU) 2-16
2026-08-14 22:23:49,118 INFO o.a.j.t.JMeterThread: Thread finished: TG - Stress step 1 (60 VU) 1-45
2026-08-14 22:23:49,122 INFO o.a.j.t.JMeterThread: Thread finished: TG - Stress step 3 (+60 VU) 3-49
2026-08-14 22:23:49,130 INFO o.a.j.t.JMeterThread: Thread finished: TG - Stress step 1 (60 VU) 1-19
2026-08-14 22:23:49,130 INFO o.a.j.t.JMeterThread: Thread finished: TG - Stress step 1 (60 VU) 1-25
2026-08-14 22:23:49,130 INFO o.a.j.t.JMeterThread: Thread finished: TG - Stress step 1 (60 VU) 1-60
2026-08-14 22:23:49,130 INFO o.a.j.t.JMeterThread: Thread finished: TG - Stress step 1 (60 VU) 1-46
2026-08-14 22:23:49,131 INFO o.a.j.t.JMeterThread: Thread finished: TG - Stress step 2 (+60 VU) 2-23
2026-08-14 22:23:49,133 INFO o.a.j.t.JMeterThread: Thread finished: TG - Stress step 4 (+60 VU) 4-17
2026-08-14 22:23:49,140 INFO o.a.j.t.JMeterThread: Thread finished: TG - Stress step 3 (+60 VU) 3-56
2026-08-14 22:23:49,140 INFO o.a.j.t.JMeterThread: Thread finished: TG - Stress step 1 (60 VU) 1-4
2026-08-14 22:23:49,143 INFO o.a.j.t.JMeterThread: Thread finished: TG - Stress step 3 (+60 VU) 3-25
2026-08-14 22:23:49,145 INFO o.a.j.t.JMeterThread: Thread finished: TG - Stress step 3 (+60 VU) 3-20
2026-08-14 22:23:49,145 INFO o.a.j.t.JMeterThread: Thread finished: TG - Stress step 1 (60 VU) 1-14
2026-08-14 22:23:49,146 INFO o.a.j.t.JMeterThread: Thread finished: TG - Stress step 3 (+60 VU) 3-11
2026-08-14 22:23:49,146 INFO o.a.j.t.JMeterThread: Thread finished: TG - Stress step 1 (60 VU) 1-28
2026-08-14 22:23:49,147 INFO o.a.j.t.JMeterThread: Thread finished: TG - Stress step 5 (+60 VU) 5-56
2026-08-14 22:23:49,148 INFO o.a.j.t.JMeterThread: Thread finished: TG - Stress step 4 (+60 VU) 4-13
2026-08-14 22:23:49,148 INFO o.a.j.t.JMeterThread: Thread finished: TG - Stress step 4 (+60 VU) 4-22
2026-08-14 22:23:49,149 INFO o.a.j.t.JMeterThread: Thread finished: TG - Stress step 2 (+60 VU) 2-43
2026-08-14 22:23:49,150 INFO o.a.j.t.JMeterThread: Thread finished: TG - Stress step 3 (+60 VU) 3-7
2026-08-14 22:23:49,154 INFO o.a.j.t.JMeterThread: Thread finished: TG - Stress step 3 (+60 VU) 3-29
2026-08-14 22:23:49,155 INFO o.a.j.t.JMeterThread: Thread finished: TG - Stress step 3 (+60 VU) 3-27
2026-08-14 22:23:49,155 INFO o.a.j.t.JMeterThread: Thread finished: TG - Stress step 2 (+60 VU) 2-25
2026-08-14 22:23:49,156 INFO o.a.j.t.JMeterThread: Thread finished: TG - Stress step 4 (+60 VU) 4-42
2026-08-14 22:23:49,156 INFO o.a.j.t.JMeterThread: Thread finished: TG - Stress step 4 (+60 VU) 4-35
2026-08-14 22:23:49,156 INFO o.a.j.t.JMeterThread: Thread finished: TG - Stress step 2 (+60 VU) 2-56
2026-08-14 22:23:49,156 INFO o.a.j.t.JMeterThread: Thread finished: TG - Stress step 4 (+60 VU) 4-30
2026-08-14 22:23:49,156 INFO o.a.j.t.JMeterThread: Thread finished: TG - Stress step 2 (+60 VU) 2-15
2026-08-14 22:23:49,157 INFO o.a.j.t.JMeterThread: Thread finished: TG - Stress step 5 (+60 VU) 5-5
2026-08-14 22:23:49,167 INFO o.a.j.t.JMeterThread: Thread finished: TG - Stress step 3 (+60 VU) 3-60
2026-08-14 22:23:49,167 INFO o.a.j.t.JMeterThread: Thread finished: TG - Stress step 2 (+60 VU) 2-11
2026-08-14 22:23:49,168 INFO o.a.j.t.JMeterThread: Thread finished: TG - Stress step 2 (+60 VU) 2-44
2026-08-14 22:23:49,168 INFO o.a.j.t.JMeterThread: Thread finished: TG - Stress step 1 (60 VU) 1-37
2026-08-14 22:23:49,168 INFO o.a.j.t.JMeterThread: Thread finished: TG - Stress step 1 (60 VU) 1-49
2026-08-14 22:23:49,170 INFO o.a.j.t.JMeterThread: Thread finished: TG - Stress step 2 (+60 VU) 2-34
2026-08-14 22:23:49,170 INFO o.a.j.t.JMeterThread: Thread finished: TG - Stress step 1 (60 VU) 1-52
2026-08-14 22:23:49,170 INFO o.a.j.t.JMeterThread: Thread finished: TG - Stress step 4 (+60 VU) 4-14
2026-08-14 22:23:49,171 INFO o.a.j.t.JMeterThread: Thread finished: TG - Stress step 4 (+60 VU) 4-18
2026-08-14 22:23:49,172 INFO o.a.j.t.JMeterThread: Thread finished: TG - Stress step 2 (+60 VU) 2-4
2026-08-14 22:23:49,172 INFO o.a.j.t.JMeterThread: Thread finished: TG - Stress step 2 (+60 VU) 2-24
2026-08-14 22:23:49,173 INFO o.a.j.t.JMeterThread: Thread finished: TG - Stress step 1 (60 VU) 1-57
2026-08-14 22:23:49,173 INFO o.a.j.t.JMeterThread: Thread finished: TG - Stress step 1 (60 VU) 1-41
2026-08-14 22:23:49,176 INFO o.a.j.t.JMeterThread: Thread finished: TG - Stress step 3 (+60 VU) 3-33
2026-08-14 22:23:49,185 INFO o.a.j.t.JMeterThread: Thread finished: TG - Stress step 3 (+60 VU) 3-57
2026-08-14 22:23:49,185 INFO o.a.j.t.JMeterThread: Thread finished: TG - Stress step 5 (+60 VU) 5-38
2026-08-14 22:23:49,185 INFO o.a.j.t.JMeterThread: Thread finished: TG - Stress step 1 (60 VU) 1-33
2026-08-14 22:23:49,186 INFO o.a.j.t.JMeterThread: Thread finished: TG - Stress step 3 (+60 VU) 3-23
2026-08-14 22:23:49,186 INFO o.a.j.t.JMeterThread: Thread finished: TG - Stress step 2 (+60 VU) 2-9
2026-08-14 22:23:49,186 INFO o.a.j.t.JMeterThread: Thread finished: TG - Stress step 4 (+60 VU) 4-32
2026-08-14 22:23:49,187 INFO o.a.j.t.JMeterThread: Thread finished: TG - Stress step 2 (+60 VU) 2-38
2026-08-14 22:23:49,187 INFO o.a.j.t.JMeterThread: Thread finished: TG - Stress step 3 (+60 VU) 3-12
2026-08-14 22:23:49,188 INFO o.a.j.t.JMeterThread: Thread finished: TG - Stress step 2 (+60 VU) 2-1
2026-08-14 22:23:49,188 INFO o.a.j.t.JMeterThread: Thread finished: TG - Stress step 5 (+60 VU) 5-31
2026-08-14 22:23:49,189 INFO o.a.j.t.JMeterThread: Thread finished: TG - Stress step 4 (+60 VU) 4-33
2026-08-14 22:23:49,190 INFO o.a.j.t.JMeterThread: Thread finished: TG - Stress step 2 (+60 VU) 2-2
2026-08-14 22:23:49,190 INFO o.a.j.t.JMeterThread: Thread finished: TG - Stress step 4 (+60 VU) 4-58
2026-08-14 22:23:49,190 INFO o.a.j.t.JMeterThread: Thread finished: TG - Stress step 2 (+60 VU) 2-22
2026-08-14 22:23:49,190 INFO o.a.j.t.JMeterThread: Thread finished: TG - Stress step 1 (60 VU) 1-18
2026-08-14 22:23:49,190 INFO o.a.j.t.JMeterThread: Thread finished: TG - Stress step 3 (+60 VU) 3-38
2026-08-14 22:23:49,191 INFO o.a.j.t.JMeterThread: Thread finished: TG - Stress step 1 (60 VU) 1-59
2026-08-14 22:23:49,191 INFO o.a.j.t.JMeterThread: Thread finished: TG - Stress step 3 (+60 VU) 3-19
2026-08-14 22:23:49,191 INFO o.a.j.t.JMeterThread: Thread finished: TG - Stress step 2 (+60 VU) 2-40
2026-08-14 22:23:49,192 INFO o.a.j.t.JMeterThread: Thread finished: TG - Stress step 4 (+60 VU) 4-21
2026-08-14 22:23:49,192 INFO o.a.j.t.JMeterThread: Thread finished: TG - Stress step 5 (+60 VU) 5-49
2026-08-14 22:23:49,192 INFO o.a.j.t.JMeterThread: Thread finished: TG - Stress step 3 (+60 VU) 3-8
2026-08-14 22:23:49,198 INFO o.a.j.t.JMeterThread: Thread finished: TG - Stress step 3 (+60 VU) 3-46
2026-08-14 22:23:49,199 INFO o.a.j.t.JMeterThread: Thread finished: TG - Stress step 4 (+60 VU) 4-12
2026-08-14 22:23:49,200 INFO o.a.j.t.JMeterThread: Thread finished: TG - Stress step 3 (+60 VU) 3-6
2026-08-14 22:23:49,202 INFO o.a.j.t.JMeterThread: Thread finished: TG - Stress step 4 (+60 VU) 4-1
2026-08-14 22:23:49,202 INFO o.a.j.t.JMeterThread: Thread finished: TG - Stress step 4 (+60 VU) 4-23
2026-08-14 22:23:49,206 INFO o.a.j.t.JMeterThread: Thread finished: TG - Stress step 3 (+60 VU) 3-13
2026-08-14 22:23:49,207 INFO o.a.j.t.JMeterThread: Thread finished: TG - Stress step 2 (+60 VU) 2-59
2026-08-14 22:23:49,207 INFO o.a.j.t.JMeterThread: Thread finished: TG - Stress step 4 (+60 VU) 4-10
2026-08-14 22:23:49,208 INFO o.a.j.t.JMeterThread: Thread finished: TG - Stress step 4 (+60 VU) 4-6
2026-08-14 22:23:49,215 INFO o.a.j.t.JMeterThread: Thread finished: TG - Stress step 5 (+60 VU) 5-41
2026-08-14 22:23:49,216 INFO o.a.j.t.JMeterThread: Thread finished: TG - Stress step 1 (60 VU) 1-2
2026-08-14 22:23:49,217 INFO o.a.j.t.JMeterThread: Thread finished: TG - Stress step 4 (+60 VU) 4-55
2026-08-14 22:23:49,218 INFO o.a.j.t.JMeterThread: Thread finished: TG - Stress step 5 (+60 VU) 5-53
2026-08-14 22:23:49,218 INFO o.a.j.t.JMeterThread: Thread finished: TG - Stress step 1 (60 VU) 1-47
2026-08-14 22:23:49,218 INFO o.a.j.t.JMeterThread: Thread finished: TG - Stress step 3 (+60 VU) 3-22
2026-08-14 22:23:49,218 INFO o.a.j.t.JMeterThread: Thread finished: TG - Stress step 4 (+60 VU) 4-28
2026-08-14 22:23:49,219 INFO o.a.j.t.JMeterThread: Thread finished: TG - Stress step 5 (+60 VU) 5-45
2026-08-14 22:23:49,220 INFO o.a.j.t.JMeterThread: Thread finished: TG - Stress step 1 (60 VU) 1-32
2026-08-14 22:23:49,220 INFO o.a.j.t.JMeterThread: Thread finished: TG - Stress step 3 (+60 VU) 3-47
2026-08-14 22:23:49,221 INFO o.a.j.t.JMeterThread: Thread finished: TG - Stress step 3 (+60 VU) 3-42
2026-08-14 22:23:49,221 INFO o.a.j.t.JMeterThread: Thread finished: TG - Stress step 2 (+60 VU) 2-58
2026-08-14 22:23:49,221 INFO o.a.j.t.JMeterThread: Thread finished: TG - Stress step 5 (+60 VU) 5-23
2026-08-14 22:23:49,221 INFO o.a.j.t.JMeterThread: Thread finished: TG - Stress step 5 (+60 VU) 5-10
2026-08-14 22:23:49,222 INFO o.a.j.t.JMeterThread: Thread finished: TG - Stress step 1 (60 VU) 1-38
2026-08-14 22:23:49,223 INFO o.a.j.t.JMeterThread: Thread finished: TG - Stress step 4 (+60 VU) 4-29
2026-08-14 22:23:49,229 INFO o.a.j.t.JMeterThread: Thread finished: TG - Stress step 1 (60 VU) 1-31
2026-08-14 22:23:49,229 INFO o.a.j.t.JMeterThread: Thread finished: TG - Stress step 5 (+60 VU) 5-11
2026-08-14 22:23:49,230 INFO o.a.j.t.JMeterThread: Thread finished: TG - Stress step 5 (+60 VU) 5-50
2026-08-14 22:23:49,230 INFO o.a.j.t.JMeterThread: Thread finished: TG - Stress step 5 (+60 VU) 5-57
2026-08-14 22:23:49,230 INFO o.a.j.t.JMeterThread: Thread finished: TG - Stress step 2 (+60 VU) 2-6
2026-08-14 22:23:49,231 INFO o.a.j.t.JMeterThread: Thread finished: TG - Stress step 5 (+60 VU) 5-52
2026-08-14 22:23:49,231 INFO o.a.j.t.JMeterThread: Thread finished: TG - Stress step 4 (+60 VU) 4-8
2026-08-14 22:23:49,233 INFO o.a.j.t.JMeterThread: Thread finished: TG - Stress step 3 (+60 VU) 3-21
2026-08-14 22:23:49,233 INFO o.a.j.t.JMeterThread: Thread finished: TG - Stress step 3 (+60 VU) 3-58
2026-08-14 22:23:49,234 INFO o.a.j.t.JMeterThread: Thread finished: TG - Stress step 2 (+60 VU) 2-20
2026-08-14 22:23:49,234 INFO o.a.j.t.JMeterThread: Thread finished: TG - Stress step 1 (60 VU) 1-29
2026-08-14 22:23:49,235 INFO o.a.j.t.JMeterThread: Thread finished: TG - Stress step 4 (+60 VU) 4-11
2026-08-14 22:23:49,235 INFO o.a.j.t.JMeterThread: Thread finished: TG - Stress step 3 (+60 VU) 3-15
2026-08-14 22:23:49,235 INFO o.a.j.t.JMeterThread: Thread finished: TG - Stress step 1 (60 VU) 1-6
2026-08-14 22:23:49,235 INFO o.a.j.t.JMeterThread: Thread finished: TG - Stress step 3 (+60 VU) 3-2
2026-08-14 22:23:49,247 INFO o.a.j.t.JMeterThread: Thread finished: TG - Stress step 5 (+60 VU) 5-17
2026-08-14 22:23:49,247 INFO o.a.j.t.JMeterThread: Thread finished: TG - Stress step 2 (+60 VU) 2-29
2026-08-14 22:23:49,248 INFO o.a.j.t.JMeterThread: Thread finished: TG - Stress step 1 (60 VU) 1-7
2026-08-14 22:23:49,248 INFO o.a.j.t.JMeterThread: Thread finished: TG - Stress step 4 (+60 VU) 4-37
2026-08-14 22:23:49,248 INFO o.a.j.t.JMeterThread: Thread finished: TG - Stress step 3 (+60 VU) 3-41
2026-08-14 22:23:49,249 INFO o.a.j.t.JMeterThread: Thread finished: TG - Stress step 1 (60 VU) 1-53
2026-08-14 22:23:49,249 INFO o.a.j.t.JMeterThread: Thread finished: TG - Stress step 3 (+60 VU) 3-34
2026-08-14 22:23:49,250 INFO o.a.j.t.JMeterThread: Thread finished: TG - Stress step 3 (+60 VU) 3-24
2026-08-14 22:23:49,250 INFO o.a.j.t.JMeterThread: Thread finished: TG - Stress step 5 (+60 VU) 5-27
2026-08-14 22:23:49,250 INFO o.a.j.t.JMeterThread: Thread finished: TG - Stress step 2 (+60 VU) 2-8
2026-08-14 22:23:49,250 INFO o.a.j.t.JMeterThread: Thread finished: TG - Stress step 3 (+60 VU) 3-3
2026-08-14 22:23:49,251 INFO o.a.j.t.JMeterThread: Thread finished: TG - Stress step 2 (+60 VU) 2-26
2026-08-14 22:23:49,253 INFO o.a.j.t.JMeterThread: Thread finished: TG - Stress step 1 (60 VU) 1-16
2026-08-14 22:23:49,254 INFO o.a.j.t.JMeterThread: Thread finished: TG - Stress step 2 (+60 VU) 2-57
2026-08-14 22:23:49,254 INFO o.a.j.t.JMeterThread: Thread finished: TG - Stress step 3 (+60 VU) 3-59
2026-08-14 22:23:49,254 INFO o.a.j.t.JMeterThread: Thread finished: TG - Stress step 1 (60 VU) 1-20
2026-08-14 22:23:49,254 INFO o.a.j.t.JMeterThread: Thread finished: TG - Stress step 2 (+60 VU) 2-27
2026-08-14 22:23:49,254 INFO o.a.j.t.JMeterThread: Thread finished: TG - Stress step 5 (+60 VU) 5-54
2026-08-14 22:23:49,254 INFO o.a.j.t.JMeterThread: Thread finished: TG - Stress step 5 (+60 VU) 5-46
2026-08-14 22:23:49,254 INFO o.a.j.t.JMeterThread: Thread finished: TG - Stress step 2 (+60 VU) 2-32
2026-08-14 22:23:49,255 INFO o.a.j.t.JMeterThread: Thread finished: TG - Stress step 4 (+60 VU) 4-59
2026-08-14 22:23:49,255 INFO o.a.j.t.JMeterThread: Thread finished: TG - Stress step 5 (+60 VU) 5-33
2026-08-14 22:23:49,255 INFO o.a.j.t.JMeterThread: Thread finished: TG - Stress step 2 (+60 VU) 2-51
2026-08-14 22:23:49,261 INFO o.a.j.t.JMeterThread: Thread finished: TG - Stress step 4 (+60 VU) 4-45
2026-08-14 22:23:49,261 INFO o.a.j.t.JMeterThread: Thread finished: TG - Stress step 1 (60 VU) 1-50
2026-08-14 22:23:49,261 INFO o.a.j.t.JMeterThread: Thread finished: TG - Stress step 2 (+60 VU) 2-53
2026-08-14 22:23:49,262 INFO o.a.j.t.JMeterThread: Thread finished: TG - Stress step 5 (+60 VU) 5-12
2026-08-14 22:23:49,262 INFO o.a.j.t.JMeterThread: Thread finished: TG - Stress step 4 (+60 VU) 4-9
2026-08-14 22:23:49,262 INFO o.a.j.t.JMeterThread: Thread finished: TG - Stress step 4 (+60 VU) 4-34
2026-08-14 22:23:49,262 INFO o.a.j.t.JMeterThread: Thread finished: TG - Stress step 2 (+60 VU) 2-35
2026-08-14 22:23:49,263 INFO o.a.j.t.JMeterThread: Thread finished: TG - Stress step 4 (+60 VU) 4-52
2026-08-14 22:23:49,263 INFO o.a.j.t.JMeterThread: Thread finished: TG - Stress step 1 (60 VU) 1-48
2026-08-14 22:23:49,263 INFO o.a.j.t.JMeterThread: Thread finished: TG - Stress step 5 (+60 VU) 5-59
2026-08-14 22:23:49,264 INFO o.a.j.t.JMeterThread: Thread finished: TG - Stress step 3 (+60 VU) 3-35
2026-08-14 22:23:49,267 INFO o.a.j.t.JMeterThread: Thread finished: TG - Stress step 3 (+60 VU) 3-9
2026-08-14 22:23:49,267 INFO o.a.j.t.JMeterThread: Thread finished: TG - Stress step 3 (+60 VU) 3-31
2026-08-14 22:23:49,272 INFO o.a.j.t.JMeterThread: Thread finished: TG - Stress step 2 (+60 VU) 2-45
2026-08-14 22:23:49,273 INFO o.a.j.t.JMeterThread: Thread finished: TG - Stress step 1 (60 VU) 1-34
2026-08-14 22:23:49,274 INFO o.a.j.t.JMeterThread: Thread finished: TG - Stress step 1 (60 VU) 1-15
2026-08-14 22:23:49,274 INFO o.a.j.t.JMeterThread: Thread finished: TG - Stress step 4 (+60 VU) 4-26
2026-08-14 22:23:49,274 INFO o.a.j.t.JMeterThread: Thread finished: TG - Stress step 4 (+60 VU) 4-54
2026-08-14 22:23:49,274 INFO o.a.j.t.JMeterThread: Thread finished: TG - Stress step 3 (+60 VU) 3-28
2026-08-14 22:23:49,274 INFO o.a.j.t.JMeterThread: Thread finished: TG - Stress step 3 (+60 VU) 3-16
2026-08-14 22:23:49,274 INFO o.a.j.t.JMeterThread: Thread finished: TG - Stress step 2 (+60 VU) 2-31
2026-08-14 22:23:49,274 INFO o.a.j.t.JMeterThread: Thread finished: TG - Stress step 4 (+60 VU) 4-25
2026-08-14 22:23:49,275 INFO o.a.j.t.JMeterThread: Thread finished: TG - Stress step 3 (+60 VU) 3-26
2026-08-14 22:23:49,275 INFO o.a.j.t.JMeterThread: Thread finished: TG - Stress step 2 (+60 VU) 2-3
2026-08-14 22:23:49,276 INFO o.a.j.t.JMeterThread: Thread finished: TG - Stress step 5 (+60 VU) 5-21
2026-08-14 22:23:49,276 INFO o.a.j.t.JMeterThread: Thread finished: TG - Stress step 4 (+60 VU) 4-44
2026-08-14 22:23:49,276 INFO o.a.j.t.JMeterThread: Thread finished: TG - Stress step 2 (+60 VU) 2-28
2026-08-14 22:23:49,277 INFO o.a.j.t.JMeterThread: Thread finished: TG - Stress step 4 (+60 VU) 4-2
2026-08-14 22:23:49,277 INFO o.a.j.t.JMeterThread: Thread finished: TG - Stress step 5 (+60 VU) 5-43
2026-08-14 22:23:49,277 INFO o.a.j.t.JMeterThread: Thread finished: TG - Stress step 2 (+60 VU) 2-42
2026-08-14 22:23:49,277 INFO o.a.j.t.JMeterThread: Thread finished: TG - Stress step 3 (+60 VU) 3-30
2026-08-14 22:23:49,278 INFO o.a.j.t.JMeterThread: Thread finished: TG - Stress step 3 (+60 VU) 3-53
2026-08-14 22:23:49,278 INFO o.a.j.t.JMeterThread: Thread finished: TG - Stress step 1 (60 VU) 1-27
2026-08-14 22:23:49,278 INFO o.a.j.t.JMeterThread: Thread finished: TG - Stress step 3 (+60 VU) 3-48
2026-08-14 22:23:49,278 INFO o.a.j.t.JMeterThread: Thread finished: TG - Stress step 1 (60 VU) 1-42
2026-08-14 22:23:49,279 INFO o.a.j.t.JMeterThread: Thread finished: TG - Stress step 2 (+60 VU) 2-7
2026-08-14 22:23:49,286 INFO o.a.j.t.JMeterThread: Thread finished: TG - Stress step 2 (+60 VU) 2-14
2026-08-14 22:23:49,286 INFO o.a.j.t.JMeterThread: Thread finished: TG - Stress step 5 (+60 VU) 5-47
2026-08-14 22:23:49,287 INFO o.a.j.t.JMeterThread: Thread finished: TG - Stress step 3 (+60 VU) 3-45
2026-08-14 22:23:49,287 INFO o.a.j.t.JMeterThread: Thread finished: TG - Stress step 3 (+60 VU) 3-4
2026-08-14 22:23:49,288 INFO o.a.j.t.JMeterThread: Thread finished: TG - Stress step 1 (60 VU) 1-55
2026-08-14 22:23:49,288 INFO o.a.j.t.JMeterThread: Thread finished: TG - Stress step 1 (60 VU) 1-40
2026-08-14 22:23:49,288 INFO o.a.j.t.JMeterThread: Thread finished: TG - Stress step 2 (+60 VU) 2-30
2026-08-14 22:23:49,289 INFO o.a.j.t.JMeterThread: Thread finished: TG - Stress step 1 (60 VU) 1-12
2026-08-14 22:23:49,289 INFO o.a.j.t.JMeterThread: Thread finished: TG - Stress step 3 (+60 VU) 3-40
2026-08-14 22:23:49,289 INFO o.a.j.t.JMeterThread: Thread finished: TG - Stress step 5 (+60 VU) 5-35
2026-08-14 22:23:49,290 INFO o.a.j.t.JMeterThread: Thread finished: TG - Stress step 4 (+60 VU) 4-20
2026-08-14 22:23:49,290 INFO o.a.j.t.JMeterThread: Thread finished: TG - Stress step 3 (+60 VU) 3-55
2026-08-14 22:23:49,290 INFO o.a.j.t.JMeterThread: Thread finished: TG - Stress step 2 (+60 VU) 2-36
2026-08-14 22:23:49,291 INFO o.a.j.t.JMeterThread: Thread finished: TG - Stress step 5 (+60 VU) 5-1
2026-08-14 22:23:49,291 INFO o.a.j.t.JMeterThread: Thread finished: TG - Stress step 2 (+60 VU) 2-48
2026-08-14 22:23:49,291 INFO o.a.j.t.JMeterThread: Thread finished: TG - Stress step 1 (60 VU) 1-1
2026-08-14 22:23:49,292 INFO o.a.j.t.JMeterThread: Thread finished: TG - Stress step 5 (+60 VU) 5-55
2026-08-14 22:23:49,292 INFO o.a.j.t.JMeterThread: Thread finished: TG - Stress step 2 (+60 VU) 2-5
2026-08-14 22:23:49,292 INFO o.a.j.t.JMeterThread: Thread finished: TG - Stress step 4 (+60 VU) 4-56
2026-08-14 22:23:49,300 INFO o.a.j.t.JMeterThread: Thread finished: TG - Stress step 4 (+60 VU) 4-39
2026-08-14 22:23:49,301 INFO o.a.j.t.JMeterThread: Thread finished: TG - Stress step 5 (+60 VU) 5-16
2026-08-14 22:23:49,301 INFO o.a.j.t.JMeterThread: Thread finished: TG - Stress step 3 (+60 VU) 3-43
2026-08-14 22:23:49,301 INFO o.a.j.t.JMeterThread: Thread finished: TG - Stress step 1 (60 VU) 1-30
2026-08-14 22:23:49,302 INFO o.a.j.t.JMeterThread: Thread finished: TG - Stress step 5 (+60 VU) 5-58
2026-08-14 22:23:49,302 INFO o.a.j.t.JMeterThread: Thread finished: TG - Stress step 4 (+60 VU) 4-24
2026-08-14 22:23:49,302 INFO o.a.j.t.JMeterThread: Thread finished: TG - Stress step 4 (+60 VU) 4-27
2026-08-14 22:23:49,302 INFO o.a.j.t.JMeterThread: Thread finished: TG - Stress step 1 (60 VU) 1-24
2026-08-14 22:23:49,302 INFO o.a.j.t.JMeterThread: Thread finished: TG - Stress step 3 (+60 VU) 3-14
2026-08-14 22:23:49,308 INFO o.a.j.t.JMeterThread: Thread finished: TG - Stress step 5 (+60 VU) 5-28
2026-08-14 22:23:49,308 INFO o.a.j.t.JMeterThread: Thread finished: TG - Stress step 2 (+60 VU) 2-12
2026-08-14 22:23:49,308 INFO o.a.j.t.JMeterThread: Thread finished: TG - Stress step 1 (60 VU) 1-11
2026-08-14 22:23:49,308 INFO o.a.j.t.JMeterThread: Thread finished: TG - Stress step 2 (+60 VU) 2-13
2026-08-14 22:23:49,313 INFO o.a.j.t.JMeterThread: Thread finished: TG - Stress step 3 (+60 VU) 3-36
2026-08-14 22:23:49,313 INFO o.a.j.t.JMeterThread: Thread finished: TG - Stress step 5 (+60 VU) 5-6
2026-08-14 22:23:49,313 INFO o.a.j.t.JMeterThread: Thread finished: TG - Stress step 1 (60 VU) 1-58
2026-08-14 22:23:49,313 INFO o.a.j.t.JMeterThread: Thread finished: TG - Stress step 3 (+60 VU) 3-18
2026-08-14 22:23:49,314 INFO o.a.j.t.JMeterThread: Thread finished: TG - Stress step 5 (+60 VU) 5-24
2026-08-14 22:23:49,314 INFO o.a.j.t.JMeterThread: Thread finished: TG - Stress step 2 (+60 VU) 2-52
2026-08-14 22:23:49,314 INFO o.a.j.t.JMeterThread: Thread finished: TG - Stress step 5 (+60 VU) 5-4
2026-08-14 22:23:49,314 INFO o.a.j.t.JMeterThread: Thread finished: TG - Stress step 2 (+60 VU) 2-33
2026-08-14 22:23:49,315 INFO o.a.j.t.JMeterThread: Thread finished: TG - Stress step 2 (+60 VU) 2-47
2026-08-14 22:23:49,315 INFO o.a.j.t.JMeterThread: Thread finished: TG - Stress step 5 (+60 VU) 5-22
2026-08-14 22:23:49,316 INFO o.a.j.t.JMeterThread: Thread finished: TG - Stress step 2 (+60 VU) 2-10
2026-08-14 22:23:49,316 INFO o.a.j.t.JMeterThread: Thread finished: TG - Stress step 2 (+60 VU) 2-21
2026-08-14 22:23:49,316 INFO o.a.j.t.JMeterThread: Thread finished: TG - Stress step 1 (60 VU) 1-23
2026-08-14 22:23:49,319 INFO o.a.j.t.JMeterThread: Thread finished: TG - Stress step 2 (+60 VU) 2-39
2026-08-14 22:23:49,319 INFO o.a.j.t.JMeterThread: Thread finished: TG - Stress step 5 (+60 VU) 5-18
2026-08-14 22:23:49,319 INFO o.a.j.t.JMeterThread: Thread finished: TG - Stress step 2 (+60 VU) 2-37
2026-08-14 22:23:49,319 INFO o.a.j.t.JMeterThread: Thread finished: TG - Stress step 4 (+60 VU) 4-4
2026-08-14 22:23:49,320 INFO o.a.j.t.JMeterThread: Thread finished: TG - Stress step 5 (+60 VU) 5-9
2026-08-14 22:23:49,320 INFO o.a.j.t.JMeterThread: Thread finished: TG - Stress step 3 (+60 VU) 3-10
2026-08-14 22:23:49,320 INFO o.a.j.t.JMeterThread: Thread finished: TG - Stress step 1 (60 VU) 1-54
2026-08-14 22:23:49,320 INFO o.a.j.t.JMeterThread: Thread finished: TG - Stress step 3 (+60 VU) 3-1
2026-08-14 22:23:49,320 INFO o.a.j.t.JMeterThread: Thread finished: TG - Stress step 5 (+60 VU) 5-8
2026-08-14 22:23:49,326 INFO o.a.j.t.JMeterThread: Thread finished: TG - Stress step 2 (+60 VU) 2-18
2026-08-14 22:23:49,326 INFO o.a.j.t.JMeterThread: Stopping because end time detected by thread: TG - Stress step 1 (60 VU) 1-5
2026-08-14 22:23:49,326 INFO o.a.j.t.JMeterThread: Thread finished: TG - Stress step 1 (60 VU) 1-5
2026-08-14 22:23:49,326 INFO o.a.j.t.JMeterThread: Thread finished: TG - Stress step 5 (+60 VU) 5-26
2026-08-14 22:23:49,326 INFO o.a.j.t.JMeterThread: Thread finished: TG - Stress step 1 (60 VU) 1-35
2026-08-14 22:23:49,327 INFO o.a.j.t.JMeterThread: Thread finished: TG - Stress step 4 (+60 VU) 4-36
2026-08-14 22:23:49,327 INFO o.a.j.t.JMeterThread: Thread finished: TG - Stress step 5 (+60 VU) 5-19
2026-08-14 22:23:49,327 INFO o.a.j.t.JMeterThread: Thread finished: TG - Stress step 4 (+60 VU) 4-53
2026-08-14 22:23:49,327 INFO o.a.j.t.JMeterThread: Thread finished: TG - Stress step 2 (+60 VU) 2-19
2026-08-14 22:23:49,328 INFO o.a.j.t.JMeterThread: Thread finished: TG - Stress step 1 (60 VU) 1-56
2026-08-14 22:23:49,328 INFO o.a.j.t.JMeterThread: Thread finished: TG - Stress step 4 (+60 VU) 4-43
2026-08-14 22:23:49,329 INFO o.a.j.t.JMeterThread: Thread finished: TG - Stress step 4 (+60 VU) 4-16
2026-08-14 22:23:49,332 INFO o.a.j.t.JMeterThread: Thread finished: TG - Stress step 2 (+60 VU) 2-46
2026-08-14 22:23:49,332 INFO o.a.j.t.JMeterThread: Thread finished: TG - Stress step 1 (60 VU) 1-44
2026-08-14 22:23:49,332 INFO o.a.j.t.JMeterThread: Thread finished: TG - Stress step 3 (+60 VU) 3-37
2026-08-14 22:23:49,332 INFO o.a.j.t.JMeterThread: Thread finished: TG - Stress step 5 (+60 VU) 5-7
2026-08-14 22:23:49,332 INFO o.a.j.t.JMeterThread: Thread finished: TG - Stress step 5 (+60 VU) 5-39
2026-08-14 22:23:49,339 INFO o.a.j.t.JMeterThread: Thread finished: TG - Stress step 4 (+60 VU) 4-40
2026-08-14 22:23:49,339 INFO o.a.j.t.JMeterThread: Thread finished: TG - Stress step 4 (+60 VU) 4-60
2026-08-14 22:23:49,339 INFO o.a.j.t.JMeterThread: Thread finished: TG - Stress step 3 (+60 VU) 3-44
2026-08-14 22:23:49,340 INFO o.a.j.t.JMeterThread: Thread finished: TG - Stress step 4 (+60 VU) 4-41
2026-08-14 22:23:49,340 INFO o.a.j.t.JMeterThread: Thread finished: TG - Stress step 5 (+60 VU) 5-25
2026-08-14 22:23:49,340 INFO o.a.j.t.JMeterThread: Thread finished: TG - Stress step 4 (+60 VU) 4-49
2026-08-14 22:23:49,341 INFO o.a.j.t.JMeterThread: Thread finished: TG - Stress step 4 (+60 VU) 4-38
2026-08-14 22:23:49,341 INFO o.a.j.t.JMeterThread: Thread finished: TG - Stress step 4 (+60 VU) 4-48
2026-08-14 22:23:49,350 INFO o.a.j.t.JMeterThread: Thread finished: TG - Stress step 5 (+60 VU) 5-13
2026-08-14 22:23:49,350 INFO o.a.j.t.JMeterThread: Thread finished: TG - Stress step 3 (+60 VU) 3-5
2026-08-14 22:23:49,351 INFO o.a.j.t.JMeterThread: Stopping because end time detected by thread: TG - Stress step 2 (+60 VU) 2-55
2026-08-14 22:23:49,351 INFO o.a.j.t.JMeterThread: Thread finished: TG - Stress step 2 (+60 VU) 2-55
2026-08-14 22:23:49,351 INFO o.a.j.t.JMeterThread: Stopping because end time detected by thread: TG - Stress step 2 (+60 VU) 2-49
2026-08-14 22:23:49,351 INFO o.a.j.t.JMeterThread: Thread finished: TG - Stress step 2 (+60 VU) 2-49
2026-08-14 22:23:49,351 INFO o.a.j.t.JMeterThread: Thread finished: TG - Stress step 4 (+60 VU) 4-5
2026-08-14 22:23:49,351 INFO o.a.j.t.JMeterThread: Thread finished: TG - Stress step 3 (+60 VU) 3-17
2026-08-14 22:23:49,351 INFO o.a.j.t.JMeterThread: Thread finished: TG - Stress step 2 (+60 VU) 2-60
2026-08-14 22:23:49,352 INFO o.a.j.t.JMeterThread: Thread finished: TG - Stress step 4 (+60 VU) 4-51
2026-08-14 22:23:49,352 INFO o.a.j.t.JMeterThread: Stopping because end time detected by thread: TG - Stress step 2 (+60 VU) 2-50
2026-08-14 22:23:49,352 INFO o.a.j.t.JMeterThread: Thread finished: TG - Stress step 2 (+60 VU) 2-50
2026-08-14 22:23:49,353 INFO o.a.j.t.JMeterThread: Thread finished: TG - Stress step 5 (+60 VU) 5-3
2026-08-14 22:23:49,354 INFO o.a.j.t.JMeterThread: Thread finished: TG - Stress step 5 (+60 VU) 5-30
2026-08-14 22:23:49,354 INFO o.a.j.t.JMeterThread: Thread finished: TG - Stress step 4 (+60 VU) 4-50
2026-08-14 22:23:49,354 INFO o.a.j.t.JMeterThread: Thread finished: TG - Stress step 4 (+60 VU) 4-3
2026-08-14 22:23:49,354 INFO o.a.j.t.JMeterThread: Thread finished: TG - Stress step 5 (+60 VU) 5-34
2026-08-14 22:23:49,355 INFO o.a.j.t.JMeterThread: Thread finished: TG - Stress step 4 (+60 VU) 4-15
2026-08-14 22:23:49,355 INFO o.a.j.t.JMeterThread: Thread finished: TG - Stress step 5 (+60 VU) 5-42
2026-08-14 22:23:49,356 INFO o.a.j.t.JMeterThread: Thread finished: TG - Stress step 5 (+60 VU) 5-37
2026-08-14 22:23:49,357 INFO o.a.j.t.JMeterThread: Thread finished: TG - Stress step 5 (+60 VU) 5-44
2026-08-14 22:23:49,357 INFO o.a.j.t.JMeterThread: Thread finished: TG - Stress step 3 (+60 VU) 3-52
2026-08-14 22:23:49,357 INFO o.a.j.t.JMeterThread: Thread finished: TG - Stress step 3 (+60 VU) 3-50
2026-08-14 22:23:49,358 INFO o.a.j.t.JMeterThread: Thread finished: TG - Stress step 3 (+60 VU) 3-39
2026-08-14 22:23:49,365 INFO o.a.j.t.JMeterThread: Thread finished: TG - Stress step 4 (+60 VU) 4-7
2026-08-14 22:23:49,366 INFO o.a.j.t.JMeterThread: Thread finished: TG - Stress step 5 (+60 VU) 5-40
2026-08-14 22:23:49,366 INFO o.a.j.t.JMeterThread: Stopping because end time detected by thread: TG - Stress step 3 (+60 VU) 3-32
2026-08-14 22:23:49,366 INFO o.a.j.t.JMeterThread: Thread finished: TG - Stress step 3 (+60 VU) 3-32
2026-08-14 22:23:49,367 INFO o.a.j.t.JMeterThread: Thread finished: TG - Stress step 4 (+60 VU) 4-57
2026-08-14 22:23:49,367 INFO o.a.j.t.JMeterThread: Thread finished: TG - Stress step 5 (+60 VU) 5-48
2026-08-14 22:23:49,367 INFO o.a.j.t.JMeterThread: Thread finished: TG - Stress step 4 (+60 VU) 4-46
2026-08-14 22:23:49,371 INFO o.a.j.t.JMeterThread: Thread finished: TG - Stress step 5 (+60 VU) 5-15
2026-08-14 22:23:49,372 INFO o.a.j.t.JMeterThread: Stopping because end time detected by thread: TG - Stress step 3 (+60 VU) 3-54
2026-08-14 22:23:49,372 INFO o.a.j.t.JMeterThread: Thread finished: TG - Stress step 3 (+60 VU) 3-54
2026-08-14 22:23:49,372 INFO o.a.j.t.JMeterThread: Thread finished: TG - Stress step 5 (+60 VU) 5-32
2026-08-14 22:23:49,372 INFO o.a.j.t.JMeterThread: Thread finished: TG - Stress step 5 (+60 VU) 5-36
2026-08-14 22:23:49,376 INFO o.a.j.t.JMeterThread: Thread finished: TG - Stress step 5 (+60 VU) 5-60
2026-08-14 22:23:49,377 INFO o.a.j.t.JMeterThread: Thread finished: TG - Stress step 5 (+60 VU) 5-14
2026-08-14 22:23:49,377 INFO o.a.j.t.JMeterThread: Thread finished: TG - Stress step 5 (+60 VU) 5-2
2026-08-14 22:23:49,377 INFO o.a.j.t.JMeterThread: Stopping because end time detected by thread: TG - Stress step 4 (+60 VU) 4-31
2026-08-14 22:23:49,377 INFO o.a.j.t.JMeterThread: Thread finished: TG - Stress step 4 (+60 VU) 4-31
2026-08-14 22:23:49,388 INFO o.a.j.t.JMeterThread: Stopping because end time detected by thread: TG - Stress step 5 (+60 VU) 5-29
2026-08-14 22:23:49,388 INFO o.a.j.t.JMeterThread: Thread finished: TG - Stress step 5 (+60 VU) 5-29
2026-08-14 22:23:49,389 INFO o.a.j.t.JMeterThread: Thread finished: TG - Stress step 5 (+60 VU) 5-51
2026-08-14 22:23:49,392 INFO o.a.j.t.JMeterThread: Stopping because end time detected by thread: TG - Stress step 5 (+60 VU) 5-20
2026-08-14 22:23:49,392 INFO o.a.j.t.JMeterThread: Thread finished: TG - Stress step 5 (+60 VU) 5-20
2026-08-14 22:23:49,392 INFO o.a.j.e.StandardJMeterEngine: Notifying test listeners of end of test
2026-08-14 22:23:49,392 INFO o.a.j.s.FileServer: Close: perf/data/products.csv
2026-08-14 22:23:49,392 INFO o.a.j.s.FileServer: Close: perf/data/accounts.csv
2026-08-14 22:23:49,394 INFO o.a.j.r.Summariser: summary +  28185 in 00:00:19 = 1453.4/s Avg:     1 Min:     0 Max:    93 Err:     0 (0.00%) Active: 0 Started: 300 Finished: 300
2026-08-14 22:23:49,394 INFO o.a.j.r.Summariser: summary = 590123 in 00:10:00 =  983.4/s Avg:     1 Min:     0 Max:   108 Err:     0 (0.00%)
2026-08-14 22:23:49,394 INFO o.a.j.JMeter: Generating Dashboard
2026-08-14 22:23:49,394 INFO o.a.j.r.d.ReportGenerator: Flushing result collector before report Generation
2026-08-14 22:23:49,399 INFO o.a.j.r.p.NormalizerSampleConsumer: Using format, 'ms', to parse timeStamp field
2026-08-14 22:23:52,382 INFO o.a.j.r.p.AbstractSampleConsumer: class org.apache.jmeter.report.processor.AggregateConsumer#stopProducing(): beginDate produced 0 samples
2026-08-14 22:23:52,382 INFO o.a.j.r.p.AbstractSampleConsumer: class org.apache.jmeter.report.processor.AggregateConsumer#stopProducing(): endDate produced 0 samples
2026-08-14 22:23:52,383 INFO o.a.j.r.p.AbstractSampleConsumer: class org.apache.jmeter.report.processor.ApdexSummaryConsumer#stopProducing(): apdexSummary produced 0 samples
2026-08-14 22:23:52,383 INFO o.a.j.r.p.AbstractSampleConsumer: class org.apache.jmeter.report.processor.RequestsSummaryConsumer#stopProducing(): requestsSummary produced 0 samples
2026-08-14 22:23:52,392 INFO o.a.j.r.p.AbstractSampleConsumer: class org.apache.jmeter.report.processor.StatisticsSummaryConsumer#stopProducing(): statisticsSummary produced 0 samples
2026-08-14 22:23:52,394 INFO o.a.j.r.p.AbstractSampleConsumer: class org.apache.jmeter.report.processor.Top5ErrorsBySamplerConsumer#stopProducing(): top5ErrorsBySampler produced 0 samples
2026-08-14 22:23:52,394 INFO o.a.j.r.p.AbstractSampleConsumer: class org.apache.jmeter.report.processor.ErrorsSummaryConsumer#stopProducing(): errorsSummary produced 0 samples
2026-08-14 22:23:52,394 INFO o.a.j.r.p.AbstractSampleConsumer: class org.apache.jmeter.report.processor.graph.impl.HitsPerSecondGraphConsumer#stopProducing(): hitsPerSecond produced 0 samples
2026-08-14 22:23:53,115 INFO o.a.j.r.p.AbstractSampleConsumer: class org.apache.jmeter.report.processor.graph.impl.LatencyVSRequestGraphConsumer#stopProducing(): latencyVsRequest produced 0 samples
2026-08-14 22:23:53,121 INFO o.a.j.r.p.AbstractSampleConsumer: class org.apache.jmeter.report.processor.graph.impl.SyntheticResponseTimeDistributionGraphConsumer#stopProducing(): syntheticResponseTimeDistribution produced 0 samples
2026-08-14 22:23:53,121 INFO o.a.j.r.p.AbstractSampleConsumer: class org.apache.jmeter.report.processor.graph.impl.BytesThroughputGraphConsumer#stopProducing(): bytesThroughputOverTime produced 0 samples
2026-08-14 22:23:53,121 INFO o.a.j.r.p.AbstractSampleConsumer: class org.apache.jmeter.report.processor.graph.impl.CodesPerSecondGraphConsumer#stopProducing(): codesPerSecond produced 0 samples
2026-08-14 22:23:53,815 INFO o.a.j.r.p.AbstractSampleConsumer: class org.apache.jmeter.report.processor.graph.impl.ResponseTimeVSRequestGraphConsumer#stopProducing(): responseTimeVsRequest produced 0 samples
2026-08-14 22:23:53,818 INFO o.a.j.r.p.AbstractSampleConsumer: class org.apache.jmeter.report.processor.FilterConsumer#stopProducing(): startIntervalControlerFilter produced 4130861 samples
2026-08-14 22:23:53,818 INFO o.a.j.r.p.AbstractSampleConsumer: class org.apache.jmeter.report.processor.graph.impl.TotalTPSGraphConsumer#stopProducing(): totalTPS produced 0 samples
2026-08-14 22:23:53,818 INFO o.a.j.r.p.AbstractSampleConsumer: class org.apache.jmeter.report.processor.graph.impl.ActiveThreadsGraphConsumer#stopProducing(): activeThreadsOverTime produced 0 samples
2026-08-14 22:23:53,818 INFO o.a.j.r.p.AbstractSampleConsumer: class org.apache.jmeter.report.processor.graph.impl.TimeVSThreadGraphConsumer#stopProducing(): timeVsThreads produced 0 samples
2026-08-14 22:23:53,819 INFO o.a.j.r.p.AbstractSampleConsumer: class org.apache.jmeter.report.processor.graph.impl.ResponseTimeDistributionGraphConsumer#stopProducing(): responseTimeDistribution produced 0 samples
2026-08-14 22:23:53,819 INFO o.a.j.r.p.AbstractSampleConsumer: class org.apache.jmeter.report.processor.graph.impl.TransactionsPerSecondGraphConsumer#stopProducing(): transactionsPerSecond produced 0 samples
2026-08-14 22:23:53,819 INFO o.a.j.r.p.AbstractSampleConsumer: class org.apache.jmeter.report.processor.graph.impl.ResponseTimePercentilesGraphConsumer#stopProducing(): responseTimePercentiles produced 0 samples
2026-08-14 22:23:53,820 INFO o.a.j.r.p.AbstractSampleConsumer: class org.apache.jmeter.report.processor.graph.impl.ResponseTimePercentilesOverTimeGraphConsumer#stopProducing(): responseTimePercentilesOverTime produced 0 samples
2026-08-14 22:23:53,832 INFO o.a.j.r.p.AbstractSampleConsumer: class org.apache.jmeter.report.processor.graph.impl.ResponseTimeOverTimeGraphConsumer#stopProducing(): responseTimesOverTime produced 0 samples
2026-08-14 22:23:53,832 INFO o.a.j.r.p.AbstractSampleConsumer: class org.apache.jmeter.report.processor.graph.impl.ConnectTimeOverTimeGraphConsumer#stopProducing(): connectTimeOverTime produced 0 samples
2026-08-14 22:23:53,832 INFO o.a.j.r.p.AbstractSampleConsumer: class org.apache.jmeter.report.processor.graph.impl.LatencyOverTimeGraphConsumer#stopProducing(): latenciesOverTime produced 0 samples
2026-08-14 22:23:53,833 INFO o.a.j.r.p.AbstractSampleConsumer: class org.apache.jmeter.report.processor.FilterConsumer#stopProducing(): nameFilter produced 8851845 samples
2026-08-14 22:23:53,833 INFO o.a.j.r.p.AbstractSampleConsumer: class org.apache.jmeter.report.processor.FilterConsumer#stopProducing(): dateRangeFilter produced 1770369 samples
2026-08-14 22:23:53,833 INFO o.a.j.r.p.AbstractSampleConsumer: class org.apache.jmeter.report.processor.NormalizerSampleConsumer#stopProducing(): normalizer produced 590123 samples
2026-08-14 22:23:53,833 INFO o.a.j.r.p.CsvFileSampleSource: produce(): 590123 samples produced in 4s 426 ms on channel 0
2026-08-14 22:23:53,833 INFO o.a.j.r.d.ReportGenerator: Exporting data using exporter:'json' of className:'org.apache.jmeter.report.dashboard.JsonExporter'
2026-08-14 22:23:53,856 INFO o.a.j.r.d.JsonExporter: Found data for consumer statisticsSummary in context
2026-08-14 22:23:53,856 INFO o.a.j.r.d.JsonExporter: Creating statistics for overall
2026-08-14 22:23:53,857 INFO o.a.j.r.d.JsonExporter: Creating statistics for other transactions
2026-08-14 22:23:53,857 INFO o.a.j.r.d.JsonExporter: Checking output folder
2026-08-14 22:23:53,857 INFO o.a.j.r.d.JsonExporter: Writing statistics JSON to /Users/hbn/Documents/CS423-CSC15003-Testing-N08/perf/results/html/23127300_Stress_20260814/statistics.json
2026-08-14 22:23:53,870 INFO o.a.j.r.d.ReportGenerator: Exporting data using exporter:'html' of className:'org.apache.jmeter.report.dashboard.HtmlTemplateExporter'
2026-08-14 22:23:53,871 INFO o.a.j.r.d.HtmlTemplateExporter: Will generate dashboard in folder: /Users/hbn/Documents/CS423-CSC15003-Testing-N08/perf/results/html/23127300_Stress_20260814
2026-08-14 22:23:53,916 INFO o.a.j.r.d.HtmlTemplateExporter: Report will be generated in: /Users/hbn/Documents/CS423-CSC15003-Testing-N08/perf/results/html/23127300_Stress_20260814, creating folder structure
2026-08-14 22:23:53,916 INFO o.a.j.r.d.TemplateVisitor: Copying folder from '/opt/homebrew/Cellar/jmeter/5.6.3/libexec/bin/report-template' to '/Users/hbn/Documents/CS423-CSC15003-Testing-N08/perf/results/html/23127300_Stress_20260814', got message: /Users/hbn/Documents/CS423-CSC15003-Testing-N08/perf/results/html/23127300_Stress_20260814, found non empty folder with following content [/Users/hbn/Documents/CS423-CSC15003-Testing-N08/perf/results/html/23127300_Stress_20260814/statistics.json], will be ignored
2026-08-14 22:23:54,009 INFO o.a.j.JMeter: Dashboard generated
